#
# There is insufficient memory for the Java Runtime Environment to continue.
# Native memory allocation (malloc) failed to allocate 1524880 bytes. Error detail: Chunk::new
# Possible reasons:
#   The system is out of physical RAM or swap space
#   This process is running with CompressedOops enabled, and the Java Heap may be blocking the growth of the native heap
# Possible solutions:
#   Reduce memory load on the system
#   Increase physical memory or swap space
#   Check if swap backing store is full
#   Decrease Java heap size (-Xmx/-Xms)
#   Decrease number of Java threads
#   Decrease Java thread stack sizes (-Xss)
#   Set larger code cache with -XX:ReservedCodeCacheSize=
#   JVM is running with Unscaled Compressed Oops mode in which the Java heap is
#     placed in the first 4GB address space. The Java Heap base address is the
#     maximum limit for the native heap growth. Please use -XX:HeapBaseMinAddress
#     to set the Java Heap base and to place the Java Heap above 4GB virtual address.
# This output file may be truncated or incomplete.
#
#  Out of Memory Error (arena.cpp:168), pid=20704, tid=14244
#
# JRE version: OpenJDK Runtime Environment Temurin-21.0.10+7 (21.0.10+7) (build 21.0.10+7-LTS)
# Java VM: OpenJDK 64-Bit Server VM Temurin-21.0.10+7 (21.0.10+7-LTS, mixed mode, sharing, tiered, compressed oops, compressed class ptrs, parallel gc, windows-amd64)
# No core dump will be written. Minidumps are not enabled by default on client versions of Windows
#

---------------  S U M M A R Y ------------

Command Line: --add-modules=ALL-SYSTEM --add-opens=java.base/java.util=ALL-UNNAMED --add-opens=java.base/java.lang=ALL-UNNAMED --add-opens=java.base/sun.nio.fs=ALL-UNNAMED -Declipse.application=org.eclipse.jdt.ls.core.id1 -Dosgi.bundles.defaultStartLevel=4 -Declipse.product=org.eclipse.jdt.ls.core.product -Djava.import.generatesMetadataFilesAtProjectRoot=false -DDetectVMInstallationsJob.disabled=true -Dfile.encoding=utf8 -XX:+UseParallelGC -XX:GCTimeRatio=4 -XX:AdaptiveSizePolicyWeight=90 -Dsun.zip.disableMemoryMapping=true -Xmx2G -Xms100m -Xlog:disable -javaagent:c:\Users\afzal.hussain\.antigravity\extensions\redhat.java-1.53.0-win32-x64\lombok\lombok-1.18.39-4050.jar -XX:+HeapDumpOnOutOfMemoryError -XX:HeapDumpPath=c:\Users\afzal.hussain\AppData\Roaming\Antigravity\User\workspaceStorage\228240ae4c73fb4b5bcf304caddccf04\redhat.java -Daether.dependencyCollector.impl=bf -agentpath:C:\Program Files\SentinelOne\Sentinel Agent 25.1.3.334\SentinelJava64.dll=extendedCapabilities c:\Users\afzal.hussain\.antigravity\extensions\redhat.java-1.53.0-win32-x64\server\plugins\org.eclipse.equinox.launcher_1.7.100.v20251111-0406.jar -configuration c:\Users\afzal.hussain\AppData\Roaming\Antigravity\User\globalStorage\redhat.java\1.53.0\config_win -data c:\Users\afzal.hussain\AppData\Roaming\Antigravity\User\workspaceStorage\228240ae4c73fb4b5bcf304caddccf04\redhat.java\jdt_ws --pipe=\\.\pipe\lsp-e4f2903bd1d18ea8e0f1e90644dafa4e-sock

Host: 13th Gen Intel(R) Core(TM) i7-1355U, 12 cores, 15G,  Windows 11 , 64 bit Build 26100 (10.0.26100.7920)
Time: Sun Mar  8 20:04:39 2026 India Standard Time elapsed time: 15.322006 seconds (0d 0h 0m 15s)

---------------  T H R E A D  ---------------

Current thread (0x0000023409dd9ba0):  JavaThread "C2 CompilerThread1" daemon [_thread_in_native, id=14244, stack(0x000000926ce00000,0x000000926cf00000) (1024K)]


Current CompileTask:
C2:15322 8389       4       org.eclipse.jdt.internal.compiler.util.JrtFileSystem$2::visitFile (10 bytes)

Stack: [0x000000926ce00000,0x000000926cf00000]
Native frames: (J=compiled Java code, j=interpreted, Vv=VM code, C=native code)
V  [jvm.dll+0x6d7a39]
V  [jvm.dll+0x8b4b26]
V  [jvm.dll+0x8b70de]
V  [jvm.dll+0x8b77c3]
V  [jvm.dll+0x284346]
V  [jvm.dll+0xc66ed]
V  [jvm.dll+0xc6c31]
V  [jvm.dll+0x3bec3b]
V  [jvm.dll+0x1e3f69]
V  [jvm.dll+0x24c6b3]
V  [jvm.dll+0x24bb40]
V  [jvm.dll+0x1cb34e]
V  [jvm.dll+0x25b85d]
V  [jvm.dll+0x259dea]
V  [jvm.dll+0x3f857e]
V  [jvm.dll+0x85f59d]
V  [jvm.dll+0x6d626d]
C  [ucrtbase.dll+0x37b0]
C  [KERNEL32.DLL+0x2e8d7]
C  [ntdll.dll+0x8c48c]


---------------  P R O C E S S  ---------------

Threads class SMR info:
_java_thread_list=0x0000023407f85cd0, length=54, elements={
0x00000233a551b960, 0x000002340093c3f0, 0x000002340093e7d0, 0x000002340094d490,
0x000002340094f980, 0x0000023400943d20, 0x0000023400947e50, 0x0000023400957220,
0x000002340095d1a0, 0x0000023400b63840, 0x0000023400beff20, 0x00000234027591a0,
0x00000234071ef100, 0x0000023402742d90, 0x0000023402743400, 0x00000234072ada50,
0x0000023407895df0, 0x000002340211b050, 0x0000023407a24520, 0x0000023407a25240,
0x0000023407a22450, 0x0000023407a23800, 0x0000023407a21dc0, 0x0000023407a23e90,
0x0000023407a22ae0, 0x0000023407a24bb0, 0x000002340c7763c0, 0x000002340c774980,
0x000002340c775010, 0x000002340c7742f0, 0x000002340c775d30, 0x000002340c7756a0,
0x000002340c772f40, 0x000002340c776a50, 0x000002340c7735d0, 0x000002340c7770e0,
0x000002340c773c60, 0x000002340c779ed0, 0x000002340c777770, 0x000002340c778490,
0x000002340c77a560, 0x000002340c777e00, 0x000002340c778b20, 0x000002340c7791b0,
0x000002340c779840, 0x000002340a05ed00, 0x000002340a05f390, 0x000002340a05e670,
0x000002340a05fa20, 0x000002340a0600b0, 0x000002340a060740, 0x000002340a060dd0,
0x0000023409dd9ba0, 0x0000023407f88ff0
}

Java Threads: ( => current thread )
  0x00000233a551b960 JavaThread "main"                              [_thread_blocked, id=19492, stack(0x000000926c000000,0x000000926c100000) (1024K)]
  0x000002340093c3f0 JavaThread "Reference Handler"          daemon [_thread_blocked, id=21008, stack(0x000000926c400000,0x000000926c500000) (1024K)]
  0x000002340093e7d0 JavaThread "Finalizer"                  daemon [_thread_blocked, id=38308, stack(0x000000926c500000,0x000000926c600000) (1024K)]
  0x000002340094d490 JavaThread "Signal Dispatcher"          daemon [_thread_blocked, id=10528, stack(0x000000926c600000,0x000000926c700000) (1024K)]
  0x000002340094f980 JavaThread "Attach Listener"            daemon [_thread_blocked, id=9492, stack(0x000000926c700000,0x000000926c800000) (1024K)]
  0x0000023400943d20 JavaThread "Service Thread"             daemon [_thread_blocked, id=37128, stack(0x000000926c800000,0x000000926c900000) (1024K)]
  0x0000023400947e50 JavaThread "Monitor Deflation Thread"   daemon [_thread_blocked, id=14640, stack(0x000000926c900000,0x000000926ca00000) (1024K)]
  0x0000023400957220 JavaThread "C2 CompilerThread0"         daemon [_thread_in_native, id=32232, stack(0x000000926ca00000,0x000000926cb00000) (1024K)]
  0x000002340095d1a0 JavaThread "C1 CompilerThread0"         daemon [_thread_blocked, id=35652, stack(0x000000926cb00000,0x000000926cc00000) (1024K)]
  0x0000023400b63840 JavaThread "Common-Cleaner"             daemon [_thread_blocked, id=18520, stack(0x000000926cc00000,0x000000926cd00000) (1024K)]
  0x0000023400beff20 JavaThread "Notification Thread"        daemon [_thread_blocked, id=33496, stack(0x000000926cd00000,0x000000926ce00000) (1024K)]
  0x00000234027591a0 JavaThread "Active Thread: Equinox Container: 139eeae5-ec0a-4d1b-8a9d-3b61fa8cc27d"        [_thread_blocked, id=17040, stack(0x000000926d600000,0x000000926d700000) (1024K)]
  0x00000234071ef100 JavaThread "Refresh Thread: Equinox Container: 139eeae5-ec0a-4d1b-8a9d-3b61fa8cc27d" daemon [_thread_blocked, id=27800, stack(0x000000926d800000,0x000000926d900000) (1024K)]
  0x0000023402742d90 JavaThread "Framework Event Dispatcher: Equinox Container: 139eeae5-ec0a-4d1b-8a9d-3b61fa8cc27d" daemon [_thread_blocked, id=11776, stack(0x000000926d900000,0x000000926da00000) (1024K)]
  0x0000023402743400 JavaThread "Start Level: Equinox Container: 139eeae5-ec0a-4d1b-8a9d-3b61fa8cc27d" daemon [_thread_blocked, id=24692, stack(0x000000926da00000,0x000000926db00000) (1024K)]
  0x00000234072ada50 JavaThread "Bundle File Closer"         daemon [_thread_blocked, id=12180, stack(0x000000926dd00000,0x000000926de00000) (1024K)]
  0x0000023407895df0 JavaThread "SCR Component Actor"        daemon [_thread_blocked, id=7280, stack(0x000000926cf00000,0x000000926d000000) (1024K)]
  0x000002340211b050 JavaThread "Worker-JM"                         [_thread_blocked, id=11560, stack(0x000000926df00000,0x000000926e000000) (1024K)]
  0x0000023407a24520 JavaThread "JNA Cleaner"                daemon [_thread_blocked, id=41412, stack(0x000000926e000000,0x000000926e100000) (1024K)]
  0x0000023407a25240 JavaThread "Worker-0: Initialize workspace"        [_thread_blocked, id=32488, stack(0x000000926e100000,0x000000926e200000) (1024K)]
  0x0000023407a22450 JavaThread "Worker-1: Publish Diagnostics"        [_thread_blocked, id=20924, stack(0x000000926e200000,0x000000926e300000) (1024K)]
  0x0000023407a23800 JavaThread "Java indexing"              daemon [_thread_blocked, id=17140, stack(0x000000926e300000,0x000000926e400000) (1024K)]
  0x0000023407a21dc0 JavaThread "Worker-2"                          [_thread_blocked, id=25576, stack(0x000000926e700000,0x000000926e800000) (1024K)]
  0x0000023407a23e90 JavaThread "Worker-3"                          [_thread_blocked, id=20852, stack(0x000000926e800000,0x000000926e900000) (1024K)]
  0x0000023407a22ae0 JavaThread "Worker-4"                          [_thread_blocked, id=41592, stack(0x000000926e900000,0x000000926ea00000) (1024K)]
  0x0000023407a24bb0 JavaThread "Thread-1"                   daemon [_thread_in_native, id=40652, stack(0x000000926ea00000,0x000000926eb00000) (1024K)]
  0x000002340c7763c0 JavaThread "Thread-2"                   daemon [_thread_in_native, id=17996, stack(0x000000926eb00000,0x000000926ec00000) (1024K)]
  0x000002340c774980 JavaThread "Thread-3"                   daemon [_thread_in_native, id=38812, stack(0x000000926ec00000,0x000000926ed00000) (1024K)]
  0x000002340c775010 JavaThread "Thread-4"                   daemon [_thread_in_native, id=34972, stack(0x000000926ed00000,0x000000926ee00000) (1024K)]
  0x000002340c7742f0 JavaThread "Thread-5"                   daemon [_thread_in_native, id=31988, stack(0x000000926ee00000,0x000000926ef00000) (1024K)]
  0x000002340c775d30 JavaThread "Thread-6"                   daemon [_thread_in_native, id=24264, stack(0x000000926ef00000,0x000000926f000000) (1024K)]
  0x000002340c7756a0 JavaThread "Thread-7"                   daemon [_thread_in_native, id=26172, stack(0x000000926f000000,0x000000926f100000) (1024K)]
  0x000002340c772f40 JavaThread "Thread-8"                   daemon [_thread_in_native, id=34612, stack(0x000000926f100000,0x000000926f200000) (1024K)]
  0x000002340c776a50 JavaThread "Thread-9"                   daemon [_thread_in_native, id=14116, stack(0x000000926f200000,0x000000926f300000) (1024K)]
  0x000002340c7735d0 JavaThread "Thread-10"                  daemon [_thread_in_native, id=11864, stack(0x000000926f300000,0x000000926f400000) (1024K)]
  0x000002340c7770e0 JavaThread "Thread-11"                  daemon [_thread_in_native, id=24304, stack(0x000000926f400000,0x000000926f500000) (1024K)]
  0x000002340c773c60 JavaThread "Thread-12"                  daemon [_thread_in_native, id=21644, stack(0x000000926f500000,0x000000926f600000) (1024K)]
  0x000002340c779ed0 JavaThread "Thread-13"                  daemon [_thread_in_native, id=23124, stack(0x000000926f600000,0x000000926f700000) (1024K)]
  0x000002340c777770 JavaThread "pool-2-thread-1"                   [_thread_blocked, id=35552, stack(0x000000926f700000,0x000000926f800000) (1024K)]
  0x000002340c778490 JavaThread "ForkJoinPool.commonPool-worker-1" daemon [_thread_blocked, id=13048, stack(0x000000926f800000,0x000000926f900000) (1024K)]
  0x000002340c77a560 JavaThread "ForkJoinPool.commonPool-worker-2" daemon [_thread_blocked, id=14308, stack(0x000000926f900000,0x000000926fa00000) (1024K)]
  0x000002340c777e00 JavaThread "WorkspaceEventsHandler"            [_thread_blocked, id=38040, stack(0x000000926fa00000,0x000000926fb00000) (1024K)]
  0x000002340c778b20 JavaThread "ForkJoinPool.commonPool-worker-3" daemon [_thread_blocked, id=12984, stack(0x000000926fb00000,0x000000926fc00000) (1024K)]
  0x000002340c7791b0 JavaThread "pool-1-thread-1"                   [_thread_blocked, id=5752, stack(0x000000926fc00000,0x000000926fd00000) (1024K)]
  0x000002340c779840 JavaThread "ForkJoinPool.commonPool-worker-4" daemon [_thread_in_vm, id=41912, stack(0x000000926fd00000,0x000000926fe00000) (1024K)] _threads_hazard_ptr=0x0000023407f85cd0
  0x000002340a05ed00 JavaThread "ForkJoinPool.commonPool-worker-5" daemon [_thread_blocked, id=21448, stack(0x000000926fe00000,0x000000926ff00000) (1024K)]
  0x000002340a05f390 JavaThread "ForkJoinPool.commonPool-worker-6" daemon [_thread_blocked, id=29220, stack(0x000000926ff00000,0x0000009270000000) (1024K)]
  0x000002340a05e670 JavaThread "ForkJoinPool.commonPool-worker-7" daemon [_thread_blocked, id=14368, stack(0x0000009270000000,0x0000009270100000) (1024K)]
  0x000002340a05fa20 JavaThread "ForkJoinPool.commonPool-worker-8" daemon [_thread_blocked, id=21864, stack(0x0000009270100000,0x0000009270200000) (1024K)]
  0x000002340a0600b0 JavaThread "ForkJoinPool.commonPool-worker-9" daemon [_thread_blocked, id=7076, stack(0x0000009270200000,0x0000009270300000) (1024K)]
  0x000002340a060740 JavaThread "ForkJoinPool.commonPool-worker-10" daemon [_thread_blocked, id=38236, stack(0x0000009270300000,0x0000009270400000) (1024K)]
  0x000002340a060dd0 JavaThread "ForkJoinPool.commonPool-worker-11" daemon [_thread_blocked, id=5508, stack(0x0000009270400000,0x0000009270500000) (1024K)]
=>0x0000023409dd9ba0 JavaThread "C2 CompilerThread1"         daemon [_thread_in_native, id=14244, stack(0x000000926ce00000,0x000000926cf00000) (1024K)]
  0x0000023407f88ff0 JavaThread "C2 CompilerThread2"         daemon [_thread_in_native, id=16608, stack(0x000000926de00000,0x000000926df00000) (1024K)]
Total: 54

Other Threads:
  0x00000233a7bb35a0 VMThread "VM Thread"                           [id=21584, stack(0x000000926c300000,0x000000926c400000) (1024K)]
  0x00000233a7b04090 WatcherThread "VM Periodic Task Thread"        [id=27184, stack(0x000000926c200000,0x000000926c300000) (1024K)]
  0x00000233a79d8340 WorkerThread "GC Thread#0"                     [id=20892, stack(0x000000926c100000,0x000000926c200000) (1024K)]
  0x00000234023ca1e0 WorkerThread "GC Thread#1"                     [id=37812, stack(0x000000926d000000,0x000000926d100000) (1024K)]
  0x000002340223c2b0 WorkerThread "GC Thread#2"                     [id=14804, stack(0x000000926d100000,0x000000926d200000) (1024K)]
  0x0000023407022a30 WorkerThread "GC Thread#3"                     [id=36188, stack(0x000000926d200000,0x000000926d300000) (1024K)]
  0x00000234027119d0 WorkerThread "GC Thread#4"                     [id=41800, stack(0x000000926d300000,0x000000926d400000) (1024K)]
  0x0000023402371c80 WorkerThread "GC Thread#5"                     [id=40904, stack(0x000000926d400000,0x000000926d500000) (1024K)]
  0x0000023402372030 WorkerThread "GC Thread#6"                     [id=30200, stack(0x000000926d500000,0x000000926d600000) (1024K)]
  0x00000234028beae0 WorkerThread "GC Thread#7"                     [id=22880, stack(0x000000926d700000,0x000000926d800000) (1024K)]
  0x000002340793c7b0 WorkerThread "GC Thread#8"                     [id=30080, stack(0x000000926db00000,0x000000926dc00000) (1024K)]
  0x00000234078aab70 WorkerThread "GC Thread#9"                     [id=11428, stack(0x000000926dc00000,0x000000926dd00000) (1024K)]
Total: 12

Threads with active compile tasks:
C2 CompilerThread0  16383 8390       4       org.eclipse.jdt.internal.compiler.util.JrtFileSystem$2::visitFile (72 bytes)
C1 CompilerThread0  16384 8694       2       java.lang.invoke.LambdaForm$MH/0x00000233c06b8800::invoke (42 bytes)
C2 CompilerThread1  16385 8389       4       org.eclipse.jdt.internal.compiler.util.JrtFileSystem$2::visitFile (10 bytes)
C2 CompilerThread2  16386 8672       4       org.eclipse.jdt.internal.core.util.HashSetOfArray::hashCode (35 bytes)
Total: 4

VM state: not at safepoint (normal execution)

VM Mutex/Monitor currently owned by a thread: None

Heap address: 0x0000000080000000, size: 2048 MB, Compressed Oops mode: 32-bit

CDS archive(s) mapped at: [0x00000233bf000000-0x00000233bfba0000-0x00000233bfba0000), size 12189696, SharedBaseAddress: 0x00000233bf000000, ArchiveRelocationMode: 1.
Compressed class space mapped at: 0x00000233c0000000-0x0000023400000000, reserved size: 1073741824
Narrow klass base: 0x00000233bf000000, Narrow klass shift: 0, Narrow klass range: 0x100000000

GC Precious Log:
 CardTable entry size: 512
 CPUs: 12 total, 12 available
 Memory: 16068M
 Large Page Support: Disabled
 NUMA Support: Disabled
 Compressed Oops: Enabled (32-bit)
 Alignments: Space 512K, Generation 512K, Heap 2M
 Heap Min Capacity: 100M
 Heap Initial Capacity: 100M
 Heap Max Capacity: 2G
 Pre-touch: Disabled
 Parallel Workers: 10

Heap:
 PSYoungGen      total 15360K, used 2047K [0x00000000d5580000, 0x00000000d6d00000, 0x0000000100000000)
  eden space 14336K, 8% used [0x00000000d5580000,0x00000000d56a6790,0x00000000d6380000)
  from space 1024K, 84% used [0x00000000d6380000,0x00000000d6459768,0x00000000d6480000)
  to   space 3584K, 0% used [0x00000000d6980000,0x00000000d6980000,0x00000000d6d00000)
 ParOldGen       total 68608K, used 60355K [0x0000000080000000, 0x0000000084300000, 0x00000000d5580000)
  object space 68608K, 87% used [0x0000000080000000,0x0000000083af0eb8,0x0000000084300000)
 Metaspace       used 59309K, committed 60800K, reserved 1114112K
  class space    used 6375K, committed 7040K, reserved 1048576K

Card table byte_map: [0x00000233ba3f0000,0x00000233ba800000] _byte_map_base: 0x00000233b9ff0000

Marking Bits: (ParMarkBitMap*) 0x00007ffdb2643450
 Begin Bits: [0x00000233ba800000, 0x00000233bc800000)
 End Bits:   [0x00000233bc800000, 0x00000233be800000)

Polling page: 0x00000233a79b0000

Metaspace:

Usage:
  Non-class:     51.69 MB used.
      Class:      6.23 MB used.
       Both:     57.92 MB used.

Virtual space:
  Non-class space:       64.00 MB reserved,      52.50 MB ( 82%) committed,  1 nodes.
      Class space:        1.00 GB reserved,       6.88 MB ( <1%) committed,  1 nodes.
             Both:        1.06 GB reserved,      59.38 MB (  5%) committed. 

Chunk freelists:
   Non-Class:  11.49 MB
       Class:  9.11 MB
        Both:  20.59 MB

MaxMetaspaceSize: unlimited
CompressedClassSpaceSize: 1.00 GB
Initial GC threshold: 21.00 MB
Current GC threshold: 97.31 MB
CDS: on
 - commit_granule_bytes: 65536.
 - commit_granule_words: 8192.
 - virtual_space_node_default_size: 8388608.
 - enlarge_chunks_in_place: 1.
 - use_allocation_guard: 0.


Internal statistics:

num_allocs_failed_limit: 9.
num_arena_births: 1164.
num_arena_deaths: 14.
num_vsnodes_births: 2.
num_vsnodes_deaths: 0.
num_space_committed: 950.
num_space_uncommitted: 0.
num_chunks_returned_to_freelist: 23.
num_chunks_taken_from_freelist: 3904.
num_chunk_merges: 13.
num_chunk_splits: 2431.
num_chunks_enlarged: 1405.
num_inconsistent_stats: 0.

CodeHeap 'non-profiled nmethods': size=120000Kb used=5982Kb max_used=5982Kb free=114017Kb
 bounds [0x00000233b2ec0000, 0x00000233b34a0000, 0x00000233ba3f0000]
CodeHeap 'profiled nmethods': size=120000Kb used=16888Kb max_used=16888Kb free=103111Kb
 bounds [0x00000233ab3f0000, 0x00000233ac470000, 0x00000233b2920000]
CodeHeap 'non-nmethods': size=5760Kb used=1427Kb max_used=1495Kb free=4333Kb
 bounds [0x00000233b2920000, 0x00000233b2b90000, 0x00000233b2ec0000]
CodeCache: size=245760Kb, used=24297Kb, max_used=24365Kb, free=221461Kb
 total_blobs=8586, nmethods=7852, adapters=640, full_count=0
Compilation: enabled, stopped_count=0, restarted_count=0

Compilation events (20 events):
Event: 14.304 Thread 0x000002340095d1a0 nmethod 8624 0x00000233ac445c90 code [0x00000233ac445e60, 0x00000233ac446140]
Event: 14.304 Thread 0x000002340095d1a0 8629  s!   3       org.eclipse.jdt.internal.core.index.DiskIndex::readCategoryTable (743 bytes)
Event: 14.309 Thread 0x000002340095d1a0 nmethod 8629 0x00000233ac446390 code [0x00000233ac4469e0, 0x00000233ac44aa18]
Event: 14.309 Thread 0x000002340095d1a0 8620       1       org.eclipse.jdt.core.search.SearchPattern::getMatchRule (5 bytes)
Event: 14.310 Thread 0x000002340095d1a0 nmethod 8620 0x00000233b348b310 code [0x00000233b348b4a0, 0x00000233b348b568]
Event: 14.310 Thread 0x000002340095d1a0 8621       1       org.eclipse.jdt.internal.core.search.matching.JavaSearchPattern::getMatchMode (5 bytes)
Event: 14.310 Thread 0x000002340095d1a0 nmethod 8621 0x00000233b348b610 code [0x00000233b348b7a0, 0x00000233b348b868]
Event: 14.310 Thread 0x000002340095d1a0 8619       2       jdk.internal.misc.Unsafe::loadFence (5 bytes)
Event: 14.310 Thread 0x000002340095d1a0 nmethod 8619 0x00000233ac44ca10 code [0x00000233ac44cba0, 0x00000233ac44cca8]
Event: 14.310 Thread 0x000002340095d1a0 8617       2       java.util.concurrent.ForkJoinTask::getAndBitwiseOrStatus (12 bytes)
Event: 14.310 Thread 0x000002340095d1a0 nmethod 8617 0x00000233ac44cd10 code [0x00000233ac44cec0, 0x00000233ac44d0a8]
Event: 14.310 Thread 0x000002340095d1a0 8618       2       jdk.internal.misc.Unsafe::getAndBitwiseOrInt (27 bytes)
Event: 14.310 Thread 0x000002340095d1a0 nmethod 8618 0x00000233ac44d190 code [0x00000233ac44d340, 0x00000233ac44d520]
Event: 14.316 Thread 0x000002340095d1a0 8630       2       org.eclipse.core.internal.dtree.DataTreeNode::<init> (12 bytes)
Event: 14.316 Thread 0x000002340095d1a0 nmethod 8630 0x00000233ac44d610 code [0x00000233ac44d7a0, 0x00000233ac44d940]
Event: 14.316 Thread 0x000002340095d1a0 8631       2       java.util.HashSet::toArray (16 bytes)
Event: 14.316 Thread 0x000002340095d1a0 nmethod 8631 0x00000233ac44da10 code [0x00000233ac44dbc0, 0x00000233ac44dd40]
Event: 14.319 Thread 0x000002340095d1a0 8632       3       org.eclipse.jdt.core.compiler.CharOperation::prefixEquals (36 bytes)
Event: 14.319 Thread 0x000002340095d1a0 nmethod 8632 0x00000233ac44de10 code [0x00000233ac44dfe0, 0x00000233ac44e290]
Event: 14.370 Thread 0x000002340095d1a0 8633       3       org.eclipse.core.runtime.Path::toOSString (224 bytes)

GC Heap History (20 events):
Event: 12.768 GC heap before
{Heap before GC invocations=42 (full 2):
 PSYoungGen      total 23040K, used 23013K [0x00000000d5580000, 0x00000000d6f00000, 0x0000000100000000)
  eden space 22016K, 100% used [0x00000000d5580000,0x00000000d6b00000,0x00000000d6b00000)
  from space 1024K, 97% used [0x00000000d6c00000,0x00000000d6cf9738,0x00000000d6d00000)
  to   space 2048K, 0% used [0x00000000d6d00000,0x00000000d6d00000,0x00000000d6f00000)
 ParOldGen       total 68608K, used 54477K [0x0000000080000000, 0x0000000084300000, 0x00000000d5580000)
  object space 68608K, 79% used [0x0000000080000000,0x0000000083533490,0x0000000084300000)
 Metaspace       used 57975K, committed 59392K, reserved 1114112K
  class space    used 6246K, committed 6912K, reserved 1048576K
}
Event: 12.771 GC heap after
{Heap after GC invocations=42 (full 2):
 PSYoungGen      total 24064K, used 1702K [0x00000000d5580000, 0x00000000d6f00000, 0x0000000100000000)
  eden space 22016K, 0% used [0x00000000d5580000,0x00000000d5580000,0x00000000d6b00000)
  from space 2048K, 83% used [0x00000000d6d00000,0x00000000d6ea9b28,0x00000000d6f00000)
  to   space 2048K, 0% used [0x00000000d6b00000,0x00000000d6b00000,0x00000000d6d00000)
 ParOldGen       total 68608K, used 55145K [0x0000000080000000, 0x0000000084300000, 0x00000000d5580000)
  object space 68608K, 80% used [0x0000000080000000,0x00000000835da4b8,0x0000000084300000)
 Metaspace       used 57975K, committed 59392K, reserved 1114112K
  class space    used 6246K, committed 6912K, reserved 1048576K
}
Event: 13.889 GC heap before
{Heap before GC invocations=43 (full 2):
 PSYoungGen      total 24064K, used 8043K [0x00000000d5580000, 0x00000000d6f00000, 0x0000000100000000)
  eden space 22016K, 28% used [0x00000000d5580000,0x00000000d5bb1468,0x00000000d6b00000)
  from space 2048K, 83% used [0x00000000d6d00000,0x00000000d6ea9b28,0x00000000d6f00000)
  to   space 2048K, 0% used [0x00000000d6b00000,0x00000000d6b00000,0x00000000d6d00000)
 ParOldGen       total 68608K, used 55145K [0x0000000080000000, 0x0000000084300000, 0x00000000d5580000)
  object space 68608K, 80% used [0x0000000080000000,0x00000000835da4b8,0x0000000084300000)
 Metaspace       used 58427K, committed 59776K, reserved 1114112K
  class space    used 6296K, committed 6912K, reserved 1048576K
}
Event: 13.892 GC heap after
{Heap after GC invocations=43 (full 2):
 PSYoungGen      total 23552K, used 1216K [0x00000000d5580000, 0x00000000d6e00000, 0x0000000100000000)
  eden space 22016K, 0% used [0x00000000d5580000,0x00000000d5580000,0x00000000d6b00000)
  from space 1536K, 79% used [0x00000000d6b00000,0x00000000d6c30000,0x00000000d6c80000)
  to   space 1536K, 0% used [0x00000000d6c80000,0x00000000d6c80000,0x00000000d6e00000)
 ParOldGen       total 68608K, used 56114K [0x0000000080000000, 0x0000000084300000, 0x00000000d5580000)
  object space 68608K, 81% used [0x0000000080000000,0x00000000836ccbf8,0x0000000084300000)
 Metaspace       used 58427K, committed 59776K, reserved 1114112K
  class space    used 6296K, committed 6912K, reserved 1048576K
}
Event: 13.892 GC heap before
{Heap before GC invocations=44 (full 3):
 PSYoungGen      total 23552K, used 1216K [0x00000000d5580000, 0x00000000d6e00000, 0x0000000100000000)
  eden space 22016K, 0% used [0x00000000d5580000,0x00000000d5580000,0x00000000d6b00000)
  from space 1536K, 79% used [0x00000000d6b00000,0x00000000d6c30000,0x00000000d6c80000)
  to   space 1536K, 0% used [0x00000000d6c80000,0x00000000d6c80000,0x00000000d6e00000)
 ParOldGen       total 68608K, used 56114K [0x0000000080000000, 0x0000000084300000, 0x00000000d5580000)
  object space 68608K, 81% used [0x0000000080000000,0x00000000836ccbf8,0x0000000084300000)
 Metaspace       used 58427K, committed 59776K, reserved 1114112K
  class space    used 6296K, committed 6912K, reserved 1048576K
}
Event: 13.948 GC heap after
{Heap after GC invocations=44 (full 3):
 PSYoungGen      total 23552K, used 0K [0x00000000d5580000, 0x00000000d6e00000, 0x0000000100000000)
  eden space 22016K, 0% used [0x00000000d5580000,0x00000000d5580000,0x00000000d6b00000)
  from space 1536K, 0% used [0x00000000d6b00000,0x00000000d6b00000,0x00000000d6c80000)
  to   space 1536K, 0% used [0x00000000d6c80000,0x00000000d6c80000,0x00000000d6e00000)
 ParOldGen       total 68608K, used 46561K [0x0000000080000000, 0x0000000084300000, 0x00000000d5580000)
  object space 68608K, 67% used [0x0000000080000000,0x0000000082d78738,0x0000000084300000)
 Metaspace       used 58427K, committed 59776K, reserved 1114112K
  class space    used 6296K, committed 6912K, reserved 1048576K
}
Event: 14.073 GC heap before
{Heap before GC invocations=45 (full 3):
 PSYoungGen      total 23552K, used 22016K [0x00000000d5580000, 0x00000000d6e00000, 0x0000000100000000)
  eden space 22016K, 100% used [0x00000000d5580000,0x00000000d6b00000,0x00000000d6b00000)
  from space 1536K, 0% used [0x00000000d6b00000,0x00000000d6b00000,0x00000000d6c80000)
  to   space 1536K, 0% used [0x00000000d6c80000,0x00000000d6c80000,0x00000000d6e00000)
 ParOldGen       total 68608K, used 46561K [0x0000000080000000, 0x0000000084300000, 0x00000000d5580000)
  object space 68608K, 67% used [0x0000000080000000,0x0000000082d78738,0x0000000084300000)
 Metaspace       used 58643K, committed 60096K, reserved 1114112K
  class space    used 6311K, committed 6976K, reserved 1048576K
}
Event: 14.074 GC heap after
{Heap after GC invocations=45 (full 3):
 PSYoungGen      total 22528K, used 1504K [0x00000000d5580000, 0x00000000d7000000, 0x0000000100000000)
  eden space 20992K, 0% used [0x00000000d5580000,0x00000000d5580000,0x00000000d6a00000)
  from space 1536K, 97% used [0x00000000d6c80000,0x00000000d6df8010,0x00000000d6e00000)
  to   space 2560K, 0% used [0x00000000d6a00000,0x00000000d6a00000,0x00000000d6c80000)
 ParOldGen       total 68608K, used 46993K [0x0000000080000000, 0x0000000084300000, 0x00000000d5580000)
  object space 68608K, 68% used [0x0000000080000000,0x0000000082de4738,0x0000000084300000)
 Metaspace       used 58643K, committed 60096K, reserved 1114112K
  class space    used 6311K, committed 6976K, reserved 1048576K
}
Event: 14.106 GC heap before
{Heap before GC invocations=46 (full 3):
 PSYoungGen      total 22528K, used 22496K [0x00000000d5580000, 0x00000000d7000000, 0x0000000100000000)
  eden space 20992K, 100% used [0x00000000d5580000,0x00000000d6a00000,0x00000000d6a00000)
  from space 1536K, 97% used [0x00000000d6c80000,0x00000000d6df8010,0x00000000d6e00000)
  to   space 2560K, 0% used [0x00000000d6a00000,0x00000000d6a00000,0x00000000d6c80000)
 ParOldGen       total 68608K, used 46993K [0x0000000080000000, 0x0000000084300000, 0x00000000d5580000)
  object space 68608K, 68% used [0x0000000080000000,0x0000000082de4738,0x0000000084300000)
 Metaspace       used 58648K, committed 60096K, reserved 1114112K
  class space    used 6312K, committed 6976K, reserved 1048576K
}
Event: 14.108 GC heap after
{Heap after GC invocations=46 (full 3):
 PSYoungGen      total 23040K, used 1824K [0x00000000d5580000, 0x00000000d6e00000, 0x0000000100000000)
  eden space 20992K, 0% used [0x00000000d5580000,0x00000000d5580000,0x00000000d6a00000)
  from space 2048K, 89% used [0x00000000d6a00000,0x00000000d6bc8010,0x00000000d6c00000)
  to   space 2048K, 0% used [0x00000000d6c00000,0x00000000d6c00000,0x00000000d6e00000)
 ParOldGen       total 68608K, used 48310K [0x0000000080000000, 0x0000000084300000, 0x00000000d5580000)
  object space 68608K, 70% used [0x0000000080000000,0x0000000082f2dab0,0x0000000084300000)
 Metaspace       used 58648K, committed 60096K, reserved 1114112K
  class space    used 6312K, committed 6976K, reserved 1048576K
}
Event: 14.129 GC heap before
{Heap before GC invocations=47 (full 3):
 PSYoungGen      total 23040K, used 22816K [0x00000000d5580000, 0x00000000d6e00000, 0x0000000100000000)
  eden space 20992K, 100% used [0x00000000d5580000,0x00000000d6a00000,0x00000000d6a00000)
  from space 2048K, 89% used [0x00000000d6a00000,0x00000000d6bc8010,0x00000000d6c00000)
  to   space 2048K, 0% used [0x00000000d6c00000,0x00000000d6c00000,0x00000000d6e00000)
 ParOldGen       total 68608K, used 48310K [0x0000000080000000, 0x0000000084300000, 0x00000000d5580000)
  object space 68608K, 70% used [0x0000000080000000,0x0000000082f2dab0,0x0000000084300000)
 Metaspace       used 58659K, committed 60096K, reserved 1114112K
  class space    used 6312K, committed 6976K, reserved 1048576K
}
Event: 14.130 GC heap after
{Heap after GC invocations=47 (full 3):
 PSYoungGen      total 23040K, used 1696K [0x00000000d5580000, 0x00000000d6e00000, 0x0000000100000000)
  eden space 20992K, 0% used [0x00000000d5580000,0x00000000d5580000,0x00000000d6a00000)
  from space 2048K, 82% used [0x00000000d6c00000,0x00000000d6da8010,0x00000000d6e00000)
  to   space 2048K, 0% used [0x00000000d6a00000,0x00000000d6a00000,0x00000000d6c00000)
 ParOldGen       total 68608K, used 49833K [0x0000000080000000, 0x0000000084300000, 0x00000000d5580000)
  object space 68608K, 72% used [0x0000000080000000,0x00000000830aa650,0x0000000084300000)
 Metaspace       used 58659K, committed 60096K, reserved 1114112K
  class space    used 6312K, committed 6976K, reserved 1048576K
}
Event: 14.148 GC heap before
{Heap before GC invocations=48 (full 3):
 PSYoungGen      total 23040K, used 22688K [0x00000000d5580000, 0x00000000d6e00000, 0x0000000100000000)
  eden space 20992K, 100% used [0x00000000d5580000,0x00000000d6a00000,0x00000000d6a00000)
  from space 2048K, 82% used [0x00000000d6c00000,0x00000000d6da8010,0x00000000d6e00000)
  to   space 2048K, 0% used [0x00000000d6a00000,0x00000000d6a00000,0x00000000d6c00000)
 ParOldGen       total 68608K, used 49833K [0x0000000080000000, 0x0000000084300000, 0x00000000d5580000)
  object space 68608K, 72% used [0x0000000080000000,0x00000000830aa650,0x0000000084300000)
 Metaspace       used 58663K, committed 60096K, reserved 1114112K
  class space    used 6312K, committed 6976K, reserved 1048576K
}
Event: 14.150 GC heap after
{Heap after GC invocations=48 (full 3):
 PSYoungGen      total 23040K, used 1472K [0x00000000d5580000, 0x00000000d6e00000, 0x0000000100000000)
  eden space 20992K, 0% used [0x00000000d5580000,0x00000000d5580000,0x00000000d6a00000)
  from space 2048K, 71% used [0x00000000d6a00000,0x00000000d6b70000,0x00000000d6c00000)
  to   space 2048K, 0% used [0x00000000d6c00000,0x00000000d6c00000,0x00000000d6e00000)
 ParOldGen       total 68608K, used 51408K [0x0000000080000000, 0x0000000084300000, 0x00000000d5580000)
  object space 68608K, 74% used [0x0000000080000000,0x0000000083234038,0x0000000084300000)
 Metaspace       used 58663K, committed 60096K, reserved 1114112K
  class space    used 6312K, committed 6976K, reserved 1048576K
}
Event: 14.181 GC heap before
{Heap before GC invocations=49 (full 3):
 PSYoungGen      total 23040K, used 22464K [0x00000000d5580000, 0x00000000d6e00000, 0x0000000100000000)
  eden space 20992K, 100% used [0x00000000d5580000,0x00000000d6a00000,0x00000000d6a00000)
  from space 2048K, 71% used [0x00000000d6a00000,0x00000000d6b70000,0x00000000d6c00000)
  to   space 2048K, 0% used [0x00000000d6c00000,0x00000000d6c00000,0x00000000d6e00000)
 ParOldGen       total 68608K, used 51408K [0x0000000080000000, 0x0000000084300000, 0x00000000d5580000)
  object space 68608K, 74% used [0x0000000080000000,0x0000000083234038,0x0000000084300000)
 Metaspace       used 58675K, committed 60096K, reserved 1114112K
  class space    used 6312K, committed 6976K, reserved 1048576K
}
Event: 14.184 GC heap after
{Heap after GC invocations=49 (full 3):
 PSYoungGen      total 23040K, used 1536K [0x00000000d5580000, 0x00000000d6e00000, 0x0000000100000000)
  eden space 20992K, 0% used [0x00000000d5580000,0x00000000d5580000,0x00000000d6a00000)
  from space 2048K, 75% used [0x00000000d6c00000,0x00000000d6d80000,0x00000000d6e00000)
  to   space 2048K, 0% used [0x00000000d6a00000,0x00000000d6a00000,0x00000000d6c00000)
 ParOldGen       total 68608K, used 52677K [0x0000000080000000, 0x0000000084300000, 0x00000000d5580000)
  object space 68608K, 76% used [0x0000000080000000,0x0000000083371588,0x0000000084300000)
 Metaspace       used 58675K, committed 60096K, reserved 1114112K
  class space    used 6312K, committed 6976K, reserved 1048576K
}
Event: 14.209 GC heap before
{Heap before GC invocations=50 (full 3):
 PSYoungGen      total 23040K, used 22528K [0x00000000d5580000, 0x00000000d6e00000, 0x0000000100000000)
  eden space 20992K, 100% used [0x00000000d5580000,0x00000000d6a00000,0x00000000d6a00000)
  from space 2048K, 75% used [0x00000000d6c00000,0x00000000d6d80000,0x00000000d6e00000)
  to   space 2048K, 0% used [0x00000000d6a00000,0x00000000d6a00000,0x00000000d6c00000)
 ParOldGen       total 68608K, used 52677K [0x0000000080000000, 0x0000000084300000, 0x00000000d5580000)
  object space 68608K, 76% used [0x0000000080000000,0x0000000083371588,0x0000000084300000)
 Metaspace       used 58685K, committed 60096K, reserved 1114112K
  class space    used 6312K, committed 6976K, reserved 1048576K
}
Event: 14.211 GC heap after
{Heap after GC invocations=50 (full 3):
 PSYoungGen      total 23040K, used 1984K [0x00000000d5580000, 0x00000000d6f00000, 0x0000000100000000)
  eden space 20992K, 0% used [0x00000000d5580000,0x00000000d5580000,0x00000000d6a00000)
  from space 2048K, 96% used [0x00000000d6a00000,0x00000000d6bf0010,0x00000000d6c00000)
  to   space 2560K, 0% used [0x00000000d6c80000,0x00000000d6c80000,0x00000000d6f00000)
 ParOldGen       total 68608K, used 54101K [0x0000000080000000, 0x0000000084300000, 0x00000000d5580000)
  object space 68608K, 78% used [0x0000000080000000,0x00000000834d5588,0x0000000084300000)
 Metaspace       used 58685K, committed 60096K, reserved 1114112K
  class space    used 6312K, committed 6976K, reserved 1048576K
}
Event: 14.310 GC heap before
{Heap before GC invocations=51 (full 3):
 PSYoungGen      total 23040K, used 22976K [0x00000000d5580000, 0x00000000d6f00000, 0x0000000100000000)
  eden space 20992K, 100% used [0x00000000d5580000,0x00000000d6a00000,0x00000000d6a00000)
  from space 2048K, 96% used [0x00000000d6a00000,0x00000000d6bf0010,0x00000000d6c00000)
  to   space 2560K, 0% used [0x00000000d6c80000,0x00000000d6c80000,0x00000000d6f00000)
 ParOldGen       total 68608K, used 54101K [0x0000000080000000, 0x0000000084300000, 0x00000000d5580000)
  object space 68608K, 78% used [0x0000000080000000,0x00000000834d5588,0x0000000084300000)
 Metaspace       used 58955K, committed 60352K, reserved 1114112K
  class space    used 6344K, committed 6976K, reserved 1048576K
}
Event: 14.314 GC heap after
{Heap after GC invocations=51 (full 3):
 PSYoungGen      total 16896K, used 2531K [0x00000000d5580000, 0x00000000d7c00000, 0x0000000100000000)
  eden space 14336K, 0% used [0x00000000d5580000,0x00000000d5580000,0x00000000d6380000)
  from space 2560K, 98% used [0x00000000d6c80000,0x00000000d6ef8fe0,0x00000000d6f00000)
  to   space 9216K, 0% used [0x00000000d6380000,0x00000000d6380000,0x00000000d6c80000)
 ParOldGen       total 68608K, used 59389K [0x0000000080000000, 0x0000000084300000, 0x00000000d5580000)
  object space 68608K, 86% used [0x0000000080000000,0x00000000839ff598,0x0000000084300000)
 Metaspace       used 58955K, committed 60352K, reserved 1114112K
  class space    used 6344K, committed 6976K, reserved 1048576K
}

Dll operation events (10 events):
Event: 0.022 Loaded shared library c:\Users\afzal.hussain\.antigravity\extensions\redhat.java-1.53.0-win32-x64\jre\21.0.10-win32-x86_64\bin\java.dll
Event: 0.054 Loaded shared library c:\Users\afzal.hussain\.antigravity\extensions\redhat.java-1.53.0-win32-x64\jre\21.0.10-win32-x86_64\bin\zip.dll
Event: 0.211 Loaded shared library C:\Users\afzal.hussain\.antigravity\extensions\redhat.java-1.53.0-win32-x64\jre\21.0.10-win32-x86_64\bin\instrument.dll
Event: 0.232 Loaded shared library C:\Users\afzal.hussain\.antigravity\extensions\redhat.java-1.53.0-win32-x64\jre\21.0.10-win32-x86_64\bin\net.dll
Event: 0.237 Loaded shared library C:\Users\afzal.hussain\.antigravity\extensions\redhat.java-1.53.0-win32-x64\jre\21.0.10-win32-x86_64\bin\nio.dll
Event: 0.245 Loaded shared library C:\Users\afzal.hussain\.antigravity\extensions\redhat.java-1.53.0-win32-x64\jre\21.0.10-win32-x86_64\bin\zip.dll
Event: 0.273 Loaded shared library C:\Users\afzal.hussain\.antigravity\extensions\redhat.java-1.53.0-win32-x64\jre\21.0.10-win32-x86_64\bin\jimage.dll
Event: 0.386 Loaded shared library c:\Users\afzal.hussain\.antigravity\extensions\redhat.java-1.53.0-win32-x64\jre\21.0.10-win32-x86_64\bin\verify.dll
Event: 1.616 Loaded shared library C:\Users\afzal.hussain\AppData\Roaming\Antigravity\User\globalStorage\redhat.java\1.53.0\config_win\org.eclipse.equinox.launcher\org.eclipse.equinox.launcher.win32.win32.x86_64_1.3.0.v20260203-2149\eclipse_11919.dll
Event: 2.847 Loaded shared library C:\Users\afzal.hussain\AppData\Local\Temp\jna-2018291179\jna8368682424788955416.dll

Deoptimization events (20 events):
Event: 14.310 Thread 0x0000023407a25240 Uncommon trap: trap_request=0xffffff45 fr.pc=0x00000233b34158c8 relative=0x0000000000000a88
Event: 14.310 Thread 0x0000023407a25240 Uncommon trap: reason=unstable_if action=reinterpret pc=0x00000233b34158c8 method=org.eclipse.jdt.internal.compiler.impl.CompilerOptions.versionToJdkLevel(Ljava/lang/String;Z)J @ 38 c2
Event: 14.310 Thread 0x0000023407a25240 DEOPT PACKING pc=0x00000233b34158c8 sp=0x000000926e1ff340
Event: 14.310 Thread 0x0000023407a25240 DEOPT UNPACKING pc=0x00000233b2973aa2 sp=0x000000926e1ff300 mode 2
Event: 14.315 Thread 0x000002340c779840 Uncommon trap: trap_request=0xffffff45 fr.pc=0x00000233b3455374 relative=0x0000000000001b54
Event: 14.315 Thread 0x000002340c779840 Uncommon trap: reason=unstable_if action=reinterpret pc=0x00000233b3455374 method=org.eclipse.core.runtime.Path.computeSegmentCount(Ljava/lang/String;)I @ 78 c2
Event: 14.315 Thread 0x000002340c779840 DEOPT PACKING pc=0x00000233b3455374 sp=0x000000926fdfe3a0
Event: 14.315 Thread 0x000002340c779840 DEOPT UNPACKING pc=0x00000233b2973aa2 sp=0x000000926fdfe328 mode 2
Event: 14.315 Thread 0x000002340c779840 Uncommon trap: trap_request=0xffffff45 fr.pc=0x00000233b3402828 relative=0x0000000000001248
Event: 14.315 Thread 0x000002340c779840 Uncommon trap: reason=unstable_if action=reinterpret pc=0x00000233b3402828 method=org.eclipse.core.runtime.Path.computeLength()I @ 92 c2
Event: 14.315 Thread 0x000002340c779840 DEOPT PACKING pc=0x00000233b3402828 sp=0x000000926fdfe530
Event: 14.315 Thread 0x000002340c779840 DEOPT UNPACKING pc=0x00000233b2973aa2 sp=0x000000926fdfe4b0 mode 2
Event: 14.316 Thread 0x000002340c779840 Uncommon trap: trap_request=0xffffff45 fr.pc=0x00000233b2fc9d74 relative=0x0000000000000574
Event: 14.316 Thread 0x000002340c779840 Uncommon trap: reason=unstable_if action=reinterpret pc=0x00000233b2fc9d74 method=org.eclipse.core.runtime.Path.computeSegmentCount(Ljava/lang/String;)I @ 78 c2
Event: 14.316 Thread 0x000002340c779840 DEOPT PACKING pc=0x00000233b2fc9d74 sp=0x000000926fdfe5d0
Event: 14.316 Thread 0x000002340c779840 DEOPT UNPACKING pc=0x00000233b2973aa2 sp=0x000000926fdfe578 mode 2
Event: 14.318 Thread 0x000002340a060740 DEOPT PACKING pc=0x00000233ab7ad84e sp=0x00000092703fe9d0
Event: 14.318 Thread 0x000002340a060740 DEOPT UNPACKING pc=0x00000233b2974242 sp=0x00000092703fdfc0 mode 0
Event: 14.319 Thread 0x000002340a060740 DEOPT PACKING pc=0x00000233ab5d5926 sp=0x00000092703fec00
Event: 14.319 Thread 0x000002340a05f390 DEOPT PACKING pc=0x00000233ab5d5926 sp=0x000000926fffec00

Classes loaded (20 events):
Event: 12.804 Loading class java/util/stream/Nodes$IntArrayNode done
Event: 12.804 Loading class java/util/stream/Nodes$IntFixedNodeBuilder done
Event: 12.805 Loading class java/util/stream/ReferencePipeline$4$1
Event: 12.805 Loading class java/util/stream/ReferencePipeline$4$1 done
Event: 14.282 Loading class java/util/concurrent/CompletableFuture$UniApply
Event: 14.282 Loading class java/util/concurrent/CompletableFuture$UniCompletion
Event: 14.282 Loading class java/util/concurrent/CompletableFuture$UniCompletion done
Event: 14.282 Loading class java/util/concurrent/CompletableFuture$UniApply done
Event: 14.286 Loading class java/util/concurrent/CompletableFuture$UniAccept
Event: 14.286 Loading class java/util/concurrent/CompletableFuture$UniAccept done
Event: 14.286 Loading class java/util/concurrent/CompletableFuture$UniExceptionally
Event: 14.286 Loading class java/util/concurrent/CompletableFuture$UniExceptionally done
Event: 14.292 Loading class java/util/HashMap$EntrySpliterator
Event: 14.293 Loading class java/util/HashMap$EntrySpliterator done
Event: 14.298 Loading class java/util/stream/ReduceOps$5
Event: 14.298 Loading class java/util/stream/ReduceOps$5 done
Event: 14.299 Loading class java/util/stream/ReduceOps$CountingSink$OfRef
Event: 14.299 Loading class java/util/stream/ReduceOps$CountingSink
Event: 14.299 Loading class java/util/stream/ReduceOps$CountingSink done
Event: 14.299 Loading class java/util/stream/ReduceOps$CountingSink$OfRef done

Classes unloaded (7 events):
Event: 3.460 Thread 0x00000233a7bb35a0 Unloading class 0x00000233c01ab000 'java/lang/invoke/LambdaForm$MH+0x00000233c01ab000'
Event: 3.460 Thread 0x00000233a7bb35a0 Unloading class 0x00000233c01aac00 'java/lang/invoke/LambdaForm$MH+0x00000233c01aac00'
Event: 3.460 Thread 0x00000233a7bb35a0 Unloading class 0x00000233c01aa800 'java/lang/invoke/LambdaForm$MH+0x00000233c01aa800'
Event: 3.460 Thread 0x00000233a7bb35a0 Unloading class 0x00000233c01aa400 'java/lang/invoke/LambdaForm$MH+0x00000233c01aa400'
Event: 3.460 Thread 0x00000233a7bb35a0 Unloading class 0x00000233c01aa000 'java/lang/invoke/LambdaForm$BMH+0x00000233c01aa000'
Event: 3.460 Thread 0x00000233a7bb35a0 Unloading class 0x00000233c01a9c00 'java/lang/invoke/LambdaForm$DMH+0x00000233c01a9c00'
Event: 3.460 Thread 0x00000233a7bb35a0 Unloading class 0x00000233c01a8c00 'java/lang/invoke/LambdaForm$DMH+0x00000233c01a8c00'

Classes redefined (0 events):
No events

Internal exceptions (20 events):
Event: 13.859 Thread 0x000002340c7791b0 Exception <a 'java/lang/NoSuchMethodError'{0x00000000d5a65370}: 'java.lang.Object java.lang.invoke.DirectMethodHandle$Holder.invokeStatic(java.lang.Object, java.lang.Object, int, java.lang.Object)'> (0x00000000d5a65370) 
thrown [s\src\hotspot\share\interpreter\linkResolver.cpp, line 773]
Event: 13.860 Thread 0x000002340c7791b0 Exception <a 'java/lang/NoSuchMethodError'{0x00000000d5a6bf90}: 'java.lang.Object java.lang.invoke.DirectMethodHandle$Holder.newInvokeSpecial(java.lang.Object, java.lang.Object, int)'> (0x00000000d5a6bf90) 
thrown [s\src\hotspot\share\interpreter\linkResolver.cpp, line 773]
Event: 13.870 Thread 0x000002340c7791b0 Implicit null exception at 0x00000233b34345ff to 0x00000233b3435ed4
Event: 14.263 Thread 0x000002340c7791b0 Exception <a 'sun/nio/fs/WindowsException'{0x00000000d624dc90}> (0x00000000d624dc90) 
thrown [s\src\hotspot\share\prims\jni.cpp, line 520]
Event: 14.263 Thread 0x000002340c7791b0 Exception <a 'sun/nio/fs/WindowsException'{0x00000000d624e2c0}> (0x00000000d624e2c0) 
thrown [s\src\hotspot\share\prims\jni.cpp, line 520]
Event: 14.263 Thread 0x000002340c7791b0 Exception <a 'sun/nio/fs/WindowsException'{0x00000000d6251328}> (0x00000000d6251328) 
thrown [s\src\hotspot\share\prims\jni.cpp, line 520]
Event: 14.263 Thread 0x000002340c7791b0 Exception <a 'sun/nio/fs/WindowsException'{0x00000000d6251958}> (0x00000000d6251958) 
thrown [s\src\hotspot\share\prims\jni.cpp, line 520]
Event: 14.264 Thread 0x000002340c7791b0 Exception <a 'sun/nio/fs/WindowsException'{0x00000000d6252998}> (0x00000000d6252998) 
thrown [s\src\hotspot\share\prims\jni.cpp, line 520]
Event: 14.264 Thread 0x000002340c7791b0 Exception <a 'sun/nio/fs/WindowsException'{0x00000000d6252fc8}> (0x00000000d6252fc8) 
thrown [s\src\hotspot\share\prims\jni.cpp, line 520]
Event: 14.264 Thread 0x000002340c7791b0 Exception <a 'sun/nio/fs/WindowsException'{0x00000000d6253b50}> (0x00000000d6253b50) 
thrown [s\src\hotspot\share\prims\jni.cpp, line 520]
Event: 14.264 Thread 0x000002340c7791b0 Exception <a 'sun/nio/fs/WindowsException'{0x00000000d6254180}> (0x00000000d6254180) 
thrown [s\src\hotspot\share\prims\jni.cpp, line 520]
Event: 14.264 Thread 0x000002340c7791b0 Exception <a 'sun/nio/fs/WindowsException'{0x00000000d6254ee8}> (0x00000000d6254ee8) 
thrown [s\src\hotspot\share\prims\jni.cpp, line 520]
Event: 14.264 Thread 0x000002340c7791b0 Exception <a 'sun/nio/fs/WindowsException'{0x00000000d62555c0}> (0x00000000d62555c0) 
thrown [s\src\hotspot\share\prims\jni.cpp, line 520]
Event: 14.264 Thread 0x000002340c7791b0 Exception <a 'sun/nio/fs/WindowsException'{0x00000000d6256390}> (0x00000000d6256390) 
thrown [s\src\hotspot\share\prims\jni.cpp, line 520]
Event: 14.264 Thread 0x000002340c7791b0 Exception <a 'sun/nio/fs/WindowsException'{0x00000000d6256a68}> (0x00000000d6256a68) 
thrown [s\src\hotspot\share\prims\jni.cpp, line 520]
Event: 14.279 Thread 0x000002340c7791b0 Exception <a 'java/lang/IncompatibleClassChangeError'{0x00000000d62c7630}: Found class java.lang.Object, but interface was expected> (0x00000000d62c7630) 
thrown [s\src\hotspot\share\interpreter\linkResolver.cpp, line 840]
Event: 14.308 Thread 0x0000023407a25240 Exception <a 'sun/nio/fs/WindowsException'{0x00000000d67959c0}> (0x00000000d67959c0) 
thrown [s\src\hotspot\share\prims\jni.cpp, line 520]
Event: 14.309 Thread 0x0000023407a25240 Exception <a 'sun/nio/fs/WindowsException'{0x00000000d6796098}> (0x00000000d6796098) 
thrown [s\src\hotspot\share\prims\jni.cpp, line 520]
Event: 14.316 Thread 0x0000023407a25240 Exception <a 'sun/nio/fs/WindowsException'{0x00000000d55f2788}> (0x00000000d55f2788) 
thrown [s\src\hotspot\share\prims\jni.cpp, line 520]
Event: 14.316 Thread 0x0000023407a25240 Exception <a 'sun/nio/fs/WindowsException'{0x00000000d55f2db8}> (0x00000000d55f2db8) 
thrown [s\src\hotspot\share\prims\jni.cpp, line 520]

ZGC Phase Switch (0 events):
No events

VM Operations (20 events):
Event: 12.771 Executing safepoint VM operation: ParallelGCFailedAllocation (Allocation Failure) done
Event: 13.771 Executing safepoint VM operation: Cleanup
Event: 13.838 Executing safepoint VM operation: Cleanup done
Event: 13.889 Executing safepoint VM operation: CollectForMetadataAllocation (Metadata GC Threshold)
Event: 13.948 Executing safepoint VM operation: CollectForMetadataAllocation (Metadata GC Threshold) done
Event: 14.072 Executing safepoint VM operation: ParallelGCFailedAllocation (Allocation Failure)
Event: 14.074 Executing safepoint VM operation: ParallelGCFailedAllocation (Allocation Failure) done
Event: 14.106 Executing safepoint VM operation: ParallelGCFailedAllocation (Allocation Failure)
Event: 14.108 Executing safepoint VM operation: ParallelGCFailedAllocation (Allocation Failure) done
Event: 14.129 Executing safepoint VM operation: ParallelGCFailedAllocation (Allocation Failure)
Event: 14.130 Executing safepoint VM operation: ParallelGCFailedAllocation (Allocation Failure) done
Event: 14.148 Executing safepoint VM operation: ParallelGCFailedAllocation (Allocation Failure)
Event: 14.150 Executing safepoint VM operation: ParallelGCFailedAllocation (Allocation Failure) done
Event: 14.181 Executing safepoint VM operation: ParallelGCFailedAllocation (Allocation Failure)
Event: 14.184 Executing safepoint VM operation: ParallelGCFailedAllocation (Allocation Failure) done
Event: 14.209 Executing safepoint VM operation: ParallelGCFailedAllocation (Allocation Failure)
Event: 14.211 Executing safepoint VM operation: ParallelGCFailedAllocation (Allocation Failure) done
Event: 14.310 Executing safepoint VM operation: ParallelGCFailedAllocation (Allocation Failure)
Event: 14.314 Executing safepoint VM operation: ParallelGCFailedAllocation (Allocation Failure) done
Event: 15.314 Executing safepoint VM operation: Cleanup

Memory protections (0 events):
No events

Nmethod flushes (20 events):
Event: 13.916 Thread 0x00000233a7bb35a0 flushing  nmethod 0x00000233abc63d90
Event: 13.916 Thread 0x00000233a7bb35a0 flushing  nmethod 0x00000233abc66710
Event: 13.916 Thread 0x00000233a7bb35a0 flushing  nmethod 0x00000233abc67090
Event: 13.916 Thread 0x00000233a7bb35a0 flushing  nmethod 0x00000233abc6af90
Event: 13.916 Thread 0x00000233a7bb35a0 flushing  nmethod 0x00000233abc6b910
Event: 13.916 Thread 0x00000233a7bb35a0 flushing  nmethod 0x00000233abc73590
Event: 13.916 Thread 0x00000233a7bb35a0 flushing  nmethod 0x00000233abc8b490
Event: 13.916 Thread 0x00000233a7bb35a0 flushing  nmethod 0x00000233abc8bb90
Event: 13.916 Thread 0x00000233a7bb35a0 flushing  nmethod 0x00000233abc8c190
Event: 13.916 Thread 0x00000233a7bb35a0 flushing  nmethod 0x00000233abc8ca10
Event: 13.916 Thread 0x00000233a7bb35a0 flushing  nmethod 0x00000233abc8e890
Event: 13.916 Thread 0x00000233a7bb35a0 flushing  nmethod 0x00000233abc9c190
Event: 13.916 Thread 0x00000233a7bb35a0 flushing  nmethod 0x00000233abcb6d10
Event: 13.916 Thread 0x00000233a7bb35a0 flushing  nmethod 0x00000233abcb8390
Event: 13.916 Thread 0x00000233a7bb35a0 flushing  nmethod 0x00000233abcbab10
Event: 13.916 Thread 0x00000233a7bb35a0 flushing  nmethod 0x00000233abcbe410
Event: 13.916 Thread 0x00000233a7bb35a0 flushing  nmethod 0x00000233abd06010
Event: 13.916 Thread 0x00000233a7bb35a0 flushing  nmethod 0x00000233abd0c090
Event: 13.916 Thread 0x00000233a7bb35a0 flushing  nmethod 0x00000233abd1e410
Event: 13.916 Thread 0x00000233a7bb35a0 flushing  nmethod 0x00000233abd21910

Events (20 events):
Event: 4.762 Thread 0x00000233a551b960 Thread added: 0x000002340c773c60
Event: 4.763 Thread 0x00000233a551b960 Thread added: 0x000002340c779ed0
Event: 4.808 Thread 0x00000233a551b960 Thread added: 0x000002340c777770
Event: 5.674 Thread 0x0000023407a25240 Thread added: 0x000002340c778490
Event: 5.675 Thread 0x0000023407a25240 Thread added: 0x000002340c77a560
Event: 5.675 Thread 0x00000233a551b960 Thread added: 0x000002340c777e00
Event: 5.676 Thread 0x000002340c778490 Thread added: 0x000002340c778b20
Event: 5.676 Thread 0x00000233a551b960 Thread added: 0x000002340c7791b0
Event: 5.676 Thread 0x000002340c77a560 Thread added: 0x000002340c779840
Event: 5.676 Thread 0x000002340c778b20 Thread added: 0x000002340a05ed00
Event: 5.677 Thread 0x000002340c779840 Thread added: 0x000002340a05f390
Event: 5.677 Thread 0x000002340a05ed00 Thread added: 0x000002340a05e670
Event: 5.678 Thread 0x000002340a05f390 Thread added: 0x000002340a05fa20
Event: 5.679 Thread 0x000002340a05e670 Thread added: 0x000002340a0600b0
Event: 5.680 Thread 0x000002340a05fa20 Thread added: 0x000002340a060740
Event: 5.682 Thread 0x000002340a060740 Thread added: 0x000002340a060dd0
Event: 8.264 Thread 0x0000023407499670 Thread exited: 0x0000023407499670
Event: 8.266 Thread 0x0000023402217580 Thread exited: 0x0000023402217580
Event: 10.028 Thread 0x000002340095d1a0 Thread added: 0x0000023409dd9ba0
Event: 10.184 Thread 0x000002340095d1a0 Thread added: 0x0000023407f88ff0


Dynamic libraries:
0x00007ff644d70000 - 0x00007ff644d7e000 	c:\Users\afzal.hussain\.antigravity\extensions\redhat.java-1.53.0-win32-x64\jre\21.0.10-win32-x86_64\bin\java.exe
0x00000233a5bd0000 - 0x00000233a5e37000 	C:\Windows\SYSTEM32\ntd1l.dll
0x00000233a5e40000 - 0x00000233a5f09000 	C:\Windows\System32\kern3l32.dll
0x00007ffe7a220000 - 0x00007ffe7a487000 	C:\Windows\SYSTEM32\ntdll.dll
0x00007ffe790e0000 - 0x00007ffe791a9000 	C:\Windows\System32\KERNEL32.DLL
0x00007ffe76ea0000 - 0x00007ffe77291000 	C:\Windows\System32\KERNELBASE.dll
0x00007ffe765f0000 - 0x00007ffe769cb000 	C:\Program Files\SentinelOne\Sentinel Agent 25.1.3.334\InProcessClient64.dll
0x00007ffe79020000 - 0x00007ffe790db000 	C:\Windows\System32\ADVAPI32.dll
0x00007ffe78ef0000 - 0x00007ffe78f99000 	C:\Windows\System32\msvcrt.dll
0x00007ffe79560000 - 0x00007ffe79607000 	C:\Windows\System32\sechost.dll
0x00007ffe765e0000 - 0x00007ffe765eb000 	C:\Windows\SYSTEM32\VERSION.dll
0x00007ffe78dd0000 - 0x00007ffe78ee8000 	C:\Windows\System32\RPCRT4.dll
0x00007ffe77d10000 - 0x00007ffe77e5b000 	C:\Windows\System32\ucrtbase.dll
0x00007ffe52510000 - 0x00007ffe52528000 	c:\Users\afzal.hussain\.antigravity\extensions\redhat.java-1.53.0-win32-x64\jre\21.0.10-win32-x86_64\bin\jli.dll
0x00007ffe524d0000 - 0x00007ffe524ee000 	c:\Users\afzal.hussain\.antigravity\extensions\redhat.java-1.53.0-win32-x64\jre\21.0.10-win32-x86_64\bin\VCRUNTIME140.dll
0x00007ffe791b0000 - 0x00007ffe79375000 	C:\Windows\System32\USER32.dll
0x00007ffe77e60000 - 0x00007ffe77e87000 	C:\Windows\System32\win32u.dll
0x00007ffe6c750000 - 0x00007ffe6c9e3000 	C:\Windows\WinSxS\amd64_microsoft.windows.common-controls_6595b64144ccf1df_6.0.26100.7922_none_3e089e1ee3342171\COMCTL32.dll
0x00007ffe78cd0000 - 0x00007ffe78cfb000 	C:\Windows\System32\GDI32.dll
0x00007ffe77e90000 - 0x00007ffe77fba000 	C:\Windows\System32\gdi32full.dll
0x00007ffe76c80000 - 0x00007ffe76d23000 	C:\Windows\System32\msvcp_win.dll
0x00007ffe76560000 - 0x00007ffe7656c000 	C:\Windows\SYSTEM32\FLTLIB.DLL
0x00007ffe78d90000 - 0x00007ffe78dc1000 	C:\Windows\System32\IMM32.DLL
0x0000000068000000 - 0x0000000068073000 	C:\Windows\System32\QIPCAP64.dll
0x00007ffe78020000 - 0x00007ffe7877f000 	C:\Windows\System32\SHELL32.dll
0x00007ffe77330000 - 0x00007ffe7749a000 	C:\Windows\System32\wintypes.dll
0x00007ffe79cf0000 - 0x00007ffe7a072000 	C:\Windows\System32\combase.dll
0x00007ffe74c50000 - 0x00007ffe74d7a000 	C:\Windows\SYSTEM32\DNSAPI.dll
0x00007ffe74bf0000 - 0x00007ffe74c23000 	C:\Windows\SYSTEM32\IPHLPAPI.DLL
0x00007ffe78c20000 - 0x00007ffe78c2a000 	C:\Windows\System32\NSI.dll
0x00007ffe6ea30000 - 0x00007ffe6ea3c000 	c:\Users\afzal.hussain\.antigravity\extensions\redhat.java-1.53.0-win32-x64\jre\21.0.10-win32-x86_64\bin\vcruntime140_1.dll
0x00007ffe4dcb0000 - 0x00007ffe4dd3d000 	c:\Users\afzal.hussain\.antigravity\extensions\redhat.java-1.53.0-win32-x64\jre\21.0.10-win32-x86_64\bin\msvcp140.dll
0x00007ffdb1980000 - 0x00007ffdb2721000 	c:\Users\afzal.hussain\.antigravity\extensions\redhat.java-1.53.0-win32-x64\jre\21.0.10-win32-x86_64\bin\server\jvm.dll
0x00000233a7810000 - 0x00000233a7884000 	C:\Windows\System32\WS2_32.dll
0x00007ffe76570000 - 0x00007ffe765ce000 	C:\Windows\SYSTEM32\POWRPROF.dll
0x00007ffe73520000 - 0x00007ffe73555000 	C:\Windows\SYSTEM32\WINMM.dll
0x00007ffe76490000 - 0x00007ffe764a4000 	C:\Windows\SYSTEM32\UMPDC.dll
0x00007ffe75450000 - 0x00007ffe7546b000 	C:\Windows\SYSTEM32\kernel.appcore.dll
0x00007ffe602b0000 - 0x00007ffe602ba000 	c:\Users\afzal.hussain\.antigravity\extensions\redhat.java-1.53.0-win32-x64\jre\21.0.10-win32-x86_64\bin\jimage.dll
0x00007ffe742e0000 - 0x00007ffe74522000 	C:\Windows\SYSTEM32\DBGHELP.DLL
0x00007ffe797b0000 - 0x00007ffe79887000 	C:\Windows\System32\OLEAUT32.dll
0x00007ffe66d10000 - 0x00007ffe66d4b000 	C:\Windows\SYSTEM32\dbgcore.DLL
0x00007ffe76d30000 - 0x00007ffe76dd5000 	C:\Windows\System32\bcryptPrimitives.dll
0x00007ffe73450000 - 0x00007ffe7345f000 	c:\Users\afzal.hussain\.antigravity\extensions\redhat.java-1.53.0-win32-x64\jre\21.0.10-win32-x86_64\bin\instrument.dll
0x00007ffe51c60000 - 0x00007ffe51c80000 	c:\Users\afzal.hussain\.antigravity\extensions\redhat.java-1.53.0-win32-x64\jre\21.0.10-win32-x86_64\bin\java.dll
0x00007ffe21a00000 - 0x00007ffe21a9f000 	C:\Program Files\SentinelOne\Sentinel Agent 25.1.3.334\SentinelJava64.dll
0x00007ffe79610000 - 0x00007ffe797a5000 	C:\Windows\System32\ole32.dll
0x00007ffe51c40000 - 0x00007ffe51c58000 	c:\Users\afzal.hussain\.antigravity\extensions\redhat.java-1.53.0-win32-x64\jre\21.0.10-win32-x86_64\bin\zip.dll
0x00007ffe774a0000 - 0x00007ffe77d04000 	C:\Windows\System32\windows.storage.dll
0x00007ffe79a50000 - 0x00007ffe79b47000 	C:\Windows\System32\SHCORE.dll
0x00007ffe79c80000 - 0x00007ffe79ce7000 	C:\Windows\System32\shlwapi.dll
0x00007ffe76a20000 - 0x00007ffe76a49000 	C:\Windows\SYSTEM32\profapi.dll
0x00007ffe70c60000 - 0x00007ffe70c70000 	C:\Users\afzal.hussain\.antigravity\extensions\redhat.java-1.53.0-win32-x64\jre\21.0.10-win32-x86_64\bin\net.dll
0x00007ffe71a40000 - 0x00007ffe71b67000 	C:\Windows\SYSTEM32\WINHTTP.dll
0x00007ffe759a0000 - 0x00007ffe75a0b000 	C:\Windows\system32\mswsock.dll
0x00007ffe540d0000 - 0x00007ffe540e6000 	C:\Users\afzal.hussain\.antigravity\extensions\redhat.java-1.53.0-win32-x64\jre\21.0.10-win32-x86_64\bin\nio.dll
0x00007ffe53f70000 - 0x00007ffe53f80000 	c:\Users\afzal.hussain\.antigravity\extensions\redhat.java-1.53.0-win32-x64\jre\21.0.10-win32-x86_64\bin\verify.dll
0x00007ffe53630000 - 0x00007ffe53675000 	C:\Users\afzal.hussain\AppData\Roaming\Antigravity\User\globalStorage\redhat.java\1.53.0\config_win\org.eclipse.equinox.launcher\org.eclipse.equinox.launcher.win32.win32.x86_64_1.3.0.v20260203-2149\eclipse_11919.dll
0x00007ffe75da0000 - 0x00007ffe75dbb000 	C:\Windows\SYSTEM32\CRYPTSP.dll
0x00007ffe753b0000 - 0x00007ffe753e9000 	C:\Windows\system32\rsaenh.dll
0x00007ffe75a50000 - 0x00007ffe75a82000 	C:\Windows\SYSTEM32\USERENV.dll
0x00007ffe769f0000 - 0x00007ffe76a1a000 	C:\Windows\SYSTEM32\bcrypt.dll
0x00007ffe75c00000 - 0x00007ffe75c0c000 	C:\Windows\SYSTEM32\CRYPTBASE.dll
0x00007ffe4dd60000 - 0x00007ffe4dda9000 	C:\Users\afzal.hussain\AppData\Local\Temp\jna-2018291179\jna8368682424788955416.dll
0x00000233a80f0000 - 0x00000233a80f8000 	C:\Windows\System32\PSAPI.DLL
0x00007ffe72170000 - 0x00007ffe7218d000 	C:\Windows\SYSTEM32\dhcpcsvc6.DLL
0x00007ffe72140000 - 0x00007ffe72163000 	C:\Windows\SYSTEM32\dhcpcsvc.DLL

JVMTI agents:
c:\Users\afzal.hussain\.antigravity\extensions\redhat.java-1.53.0-win32-x64\lombok\lombok-1.18.39-4050.jar path:c:\Users\afzal.hussain\.antigravity\extensions\redhat.java-1.53.0-win32-x64\jre\21.0.10-win32-x86_64\bin\instrument.dll, loaded, initialized, instrumentlib options:none
C:\Program Files\SentinelOne\Sentinel Agent 25.1.3.334\SentinelJava64.dll path:C:\Program Files\SentinelOne\Sentinel Agent 25.1.3.334\SentinelJava64.dll, loaded, initialized, options:extendedCapabilities

dbghelp: loaded successfully - version: 4.0.5 - missing functions: none
symbol engine: initialized successfully - sym options: 0x614 - pdb path: .;c:\Users\afzal.hussain\.antigravity\extensions\redhat.java-1.53.0-win32-x64\jre\21.0.10-win32-x86_64\bin;C:\Windows\SYSTEM32;C:\Program Files\SentinelOne\Sentinel Agent 25.1.3.334;C:\Windows\WinSxS\amd64_microsoft.windows.common-controls_6595b64144ccf1df_6.0.26100.7922_none_3e089e1ee3342171;c:\Users\afzal.hussain\.antigravity\extensions\redhat.java-1.53.0-win32-x64\jre\21.0.10-win32-x86_64\bin\server;C:\Users\afzal.hussain\AppData\Roaming\Antigravity\User\globalStorage\redhat.java\1.53.0\config_win\org.eclipse.equinox.launcher\org.eclipse.equinox.launcher.win32.win32.x86_64_1.3.0.v20260203-2149;C:\Users\afzal.hussain\AppData\Local\Temp\jna-2018291179

VM Arguments:
jvm_args: --add-modules=ALL-SYSTEM --add-opens=java.base/java.util=ALL-UNNAMED --add-opens=java.base/java.lang=ALL-UNNAMED --add-opens=java.base/sun.nio.fs=ALL-UNNAMED -Declipse.application=org.eclipse.jdt.ls.core.id1 -Dosgi.bundles.defaultStartLevel=4 -Declipse.product=org.eclipse.jdt.ls.core.product -Djava.import.generatesMetadataFilesAtProjectRoot=false -DDetectVMInstallationsJob.disabled=true -Dfile.encoding=utf8 -XX:+UseParallelGC -XX:GCTimeRatio=4 -XX:AdaptiveSizePolicyWeight=90 -Dsun.zip.disableMemoryMapping=true -Xmx2G -Xms100m -Xlog:disable -javaagent:c:\Users\afzal.hussain\.antigravity\extensions\redhat.java-1.53.0-win32-x64\lombok\lombok-1.18.39-4050.jar -XX:+HeapDumpOnOutOfMemoryError -XX:HeapDumpPath=c:\Users\afzal.hussain\AppData\Roaming\Antigravity\User\workspaceStorage\228240ae4c73fb4b5bcf304caddccf04\redhat.java -Daether.dependencyCollector.impl=bf -agentpath:C:\Program Files\SentinelOne\Sentinel Agent 25.1.3.334\SentinelJava64.dll=extendedCapabilities 
java_command: c:\Users\afzal.hussain\.antigravity\extensions\redhat.java-1.53.0-win32-x64\server\plugins\org.eclipse.equinox.launcher_1.7.100.v20251111-0406.jar -configuration c:\Users\afzal.hussain\AppData\Roaming\Antigravity\User\globalStorage\redhat.java\1.53.0\config_win -data c:\Users\afzal.hussain\AppData\Roaming\Antigravity\User\workspaceStorage\228240ae4c73fb4b5bcf304caddccf04\redhat.java\jdt_ws --pipe=\\.\pipe\lsp-e4f2903bd1d18ea8e0f1e90644dafa4e-sock
java_class_path (initial): c:\Users\afzal.hussain\.antigravity\extensions\redhat.java-1.53.0-win32-x64\server\plugins\org.eclipse.equinox.launcher_1.7.100.v20251111-0406.jar
Launcher Type: SUN_STANDARD

[Global flags]
    uintx AdaptiveSizePolicyWeight                 = 90                                        {product} {command line}
     intx CICompilerCount                          = 4                                         {product} {ergonomic}
    uintx GCTimeRatio                              = 4                                         {product} {command line}
     bool HeapDumpOnOutOfMemoryError               = true                                   {manageable} {command line}
    ccstr HeapDumpPath                             = c:\Users\afzal.hussain\AppData\Roaming\Antigravity\User\workspaceStorage\228240ae4c73fb4b5bcf304caddccf04\redhat.java         {manageable} {command line}
   size_t InitialHeapSize                          = 104857600                                 {product} {command line}
   size_t MaxHeapSize                              = 2147483648                                {product} {command line}
   size_t MaxNewSize                               = 715653120                                 {product} {ergonomic}
   size_t MinHeapDeltaBytes                        = 524288                                    {product} {ergonomic}
   size_t MinHeapSize                              = 104857600                                 {product} {command line}
   size_t NewSize                                  = 34603008                                  {product} {ergonomic}
    uintx NonNMethodCodeHeapSize                   = 5839372                                {pd product} {ergonomic}
    uintx NonProfiledCodeHeapSize                  = 122909434                              {pd product} {ergonomic}
   size_t OldSize                                  = 70254592                                  {product} {ergonomic}
    uintx ProfiledCodeHeapSize                     = 122909434                              {pd product} {ergonomic}
    uintx ReservedCodeCacheSize                    = 251658240                              {pd product} {ergonomic}
     bool SegmentedCodeCache                       = true                                      {product} {ergonomic}
   size_t SoftMaxHeapSize                          = 2147483648                             {manageable} {ergonomic}
     bool UseCompressedOops                        = true                           {product lp64_product} {ergonomic}
     bool UseLargePagesIndividualAllocation        = false                                  {pd product} {ergonomic}
     bool UseParallelGC                            = true                                      {product} {command line}

Logging:
Log output configuration:
 #0: stdout all=off uptime,level,tags foldmultilines=false
 #1: stderr all=off uptime,level,tags foldmultilines=false

Release file:
JAVA_VERSION="21.0.10" 
MODULES="java.base java.compiler java.datatransfer java.xml java.prefs java.desktop java.instrument java.logging java.management java.security.sasl java.naming java.rmi java.management.rmi java.net.http java.scripting java.security.jgss java.transaction.xa java.sql java.sql.rowset java.xml.crypto java.se java.smartcardio jdk.accessibility jdk.internal.jvmstat jdk.attach jdk.charsets jdk.internal.opt jdk.zipfs jdk.compiler jdk.crypto.ec jdk.crypto.cryptoki jdk.crypto.mscapi jdk.dynalink jdk.internal.ed jdk.editpad jdk.hotspot.agent jdk.httpserver jdk.internal.le jdk.internal.vm.ci jdk.internal.vm.compiler jdk.internal.vm.compiler.management jdk.jartool jdk.javadoc jdk.jcmd jdk.management jdk.management.agent jdk.jconsole jdk.jdeps jdk.jdwp.agent jdk.jdi jdk.jfr jdk.jshell jdk.jsobject jdk.jstatd jdk.localedata jdk.management.jfr jdk.naming.dns jdk.naming.rmi jdk.net jdk.nio.mapmode jdk.random jdk.sctp jdk.security.auth jdk.security.jgss jdk.unsupported jdk.unsupported.desktop jdk.xml.dom" 

Environment Variables:
JAVA_HOME=C:\Program Files\Microsoft\jdk-17.0.14.7-hotspot
PATH=C:\Program Files\Microsoft\jdk-17.0.14.7-hotspot\bin;C:\Users\afzal.hussain\AppData\Local\Pub\Cache\bin;C:\Python313\Scripts\;C:\Python313\;C:\Program Files\nvm;C:\Windows\system32;C:\Windows;C:\Windows\System32\Wbem;C:\Windows\System32\WindowsPowerShell\v1.0\;C:\Windows\System32\OpenSSH\;C:\Program Files\dotnet\;C:\Program Files\nodejs;C:\ProgramData\chocolatey\bin;C:\Program Files\nodejs\;C:\maven\bin;C:\Program Files\Microsoft\jdk-17.0.14.7-hotspot\bin;C:\Users\afzal.hussain\AppData\Local\Android\Sdk\platform-tools;C:\Users\afzal.hussain\AppData\Local\Android\Sdk\tools;C:\Users\afzal.hussain\AppData\Local\Android\Sdk\tools\bin;C:\Users\afzal.hussain\AppData\Local\Android\Sdk\platform-tools;C:\Users\afzal.hussain\AppData\Local\Android\Sdk\emulator;C:\Users\afzal.hussain\AppData\Local\Microsoft\WindowsApps;C:\Users\afzal.hussain\AppData\Roaming\npm;C:\Users\afzal.hussain\AppData\Local\Google\Cloud SDK\google-cloud-sdk\bin;D:\Flutter\flutter\bin;C:\Users\afzal.hussain\AppData\Local\Programs\Git\cmd;C:\Users\afzal.hussain\AppData\Local\Programs\Antigravity\bin
USERNAME=afzal.hussain
OS=Windows_NT
PROCESSOR_IDENTIFIER=Intel64 Family 6 Model 186 Stepping 3, GenuineIntel
TMP=C:\Users\AFZAL~1.HUS\AppData\Local\Temp
TEMP=C:\Users\AFZAL~1.HUS\AppData\Local\Temp




Periodic native trim disabled

---------------  S Y S T E M  ---------------

OS:
 Windows 11 , 64 bit Build 26100 (10.0.26100.7920)
OS uptime: 6 days 3:40 hours
Hyper-V role detected

CPU: total 12 (initial active 12) (6 cores per cpu, 2 threads per core) family 6 model 186 stepping 3 microcode 0x4128, cx8, cmov, fxsr, ht, mmx, 3dnowpref, sse, sse2, sse3, ssse3, sse4.1, sse4.2, popcnt, lzcnt, tsc, tscinvbit, avx, avx2, aes, erms, clmul, bmi1, bmi2, adx, sha, fma, vzeroupper, clflush, clflushopt, clwb, hv, serialize, rdtscp, rdpid, fsrm, f16c, cet_ibt, cet_ss
Processor Information for processor 0
  Max Mhz: 1700, Current Mhz: 1700, Mhz Limit: 1700
Processor Information for processor 1
  Max Mhz: 1700, Current Mhz: 1700, Mhz Limit: 1700
Processor Information for processor 2
  Max Mhz: 1700, Current Mhz: 1700, Mhz Limit: 1700
Processor Information for processor 3
  Max Mhz: 1700, Current Mhz: 1700, Mhz Limit: 1700
Processor Information for processor 4
  Max Mhz: 1700, Current Mhz: 1700, Mhz Limit: 1700
Processor Information for processor 5
  Max Mhz: 1700, Current Mhz: 1700, Mhz Limit: 1700
Processor Information for processor 6
  Max Mhz: 1700, Current Mhz: 1700, Mhz Limit: 1700
Processor Information for processor 7
  Max Mhz: 1700, Current Mhz: 1700, Mhz Limit: 1700
Processor Information for processor 8
  Max Mhz: 1700, Current Mhz: 1700, Mhz Limit: 1700
Processor Information for processor 9
  Max Mhz: 1700, Current Mhz: 1700, Mhz Limit: 1700
Processor Information for processor 10
  Max Mhz: 1700, Current Mhz: 1700, Mhz Limit: 1700
Processor Information for processor 11
  Max Mhz: 1700, Current Mhz: 1558, Mhz Limit: 1700

Memory: 4k page, system-wide physical 16068M (924M free)
TotalPageFile size 41562M (AvailPageFile size 15M)
current process WorkingSet (physical memory assigned to process): 321M, peak: 323M
current process commit charge ("private bytes"): 398M, peak: 416M

vm_info: OpenJDK 64-Bit Server VM (21.0.10+7-LTS) for windows-amd64 JRE (21.0.10+7-LTS), built on 2026-01-20T00:00:00Z by "admin" with MS VC++ 17.12 (VS2022)

END.
