#
# There is insufficient memory for the Java Runtime Environment to continue.
# Native memory allocation (malloc) failed to allocate 2876208 bytes. Error detail: Chunk::new
# Possible reasons:
#   The system is out of physical RAM or swap space
#   This process is running with CompressedOops enabled, and the Java Heap may be blocking the growth of the native heap
# Possible solutions:
#   Reduce memory load on the system
#   Increase physical memory or swap space
#   Check if swap backing store is full
#   Decrease Java heap size (-Xmx/-Xms)
#   Decrease number of Java threads
#   Decrease Java thread stack sizes (-Xss)
#   Set larger code cache with -XX:ReservedCodeCacheSize=
#   JVM is running with Unscaled Compressed Oops mode in which the Java heap is
#     placed in the first 4GB address space. The Java Heap base address is the
#     maximum limit for the native heap growth. Please use -XX:HeapBaseMinAddress
#     to set the Java Heap base and to place the Java Heap above 4GB virtual address.
# This output file may be truncated or incomplete.
#
#  Out of Memory Error (arena.cpp:168), pid=4888, tid=37352
#
# JRE version: OpenJDK Runtime Environment Temurin-21.0.10+7 (21.0.10+7) (build 21.0.10+7-LTS)
# Java VM: OpenJDK 64-Bit Server VM Temurin-21.0.10+7 (21.0.10+7-LTS, mixed mode, sharing, tiered, compressed oops, compressed class ptrs, parallel gc, windows-amd64)
# No core dump will be written. Minidumps are not enabled by default on client versions of Windows
#

---------------  S U M M A R Y ------------

Command Line: --add-modules=ALL-SYSTEM --add-opens=java.base/java.util=ALL-UNNAMED --add-opens=java.base/java.lang=ALL-UNNAMED --add-opens=java.base/sun.nio.fs=ALL-UNNAMED -Declipse.application=org.eclipse.jdt.ls.core.id1 -Dosgi.bundles.defaultStartLevel=4 -Declipse.product=org.eclipse.jdt.ls.core.product -Djava.import.generatesMetadataFilesAtProjectRoot=false -DDetectVMInstallationsJob.disabled=true -Dfile.encoding=utf8 -XX:+UseParallelGC -XX:GCTimeRatio=4 -XX:AdaptiveSizePolicyWeight=90 -Dsun.zip.disableMemoryMapping=true -Xmx2G -Xms100m -Xlog:disable -javaagent:c:\Users\afzal.hussain\.antigravity\extensions\redhat.java-1.53.0-win32-x64\lombok\lombok-1.18.39-4050.jar -XX:+HeapDumpOnOutOfMemoryError -XX:HeapDumpPath=c:\Users\afzal.hussain\AppData\Roaming\Antigravity\User\workspaceStorage\228240ae4c73fb4b5bcf304caddccf04\redhat.java -Daether.dependencyCollector.impl=bf -agentpath:C:\Program Files\SentinelOne\Sentinel Agent 25.1.3.334\SentinelJava64.dll=extendedCapabilities c:\Users\afzal.hussain\.antigravity\extensions\redhat.java-1.53.0-win32-x64\server\plugins\org.eclipse.equinox.launcher_1.7.100.v20251111-0406.jar -configuration c:\Users\afzal.hussain\AppData\Roaming\Antigravity\User\globalStorage\redhat.java\1.53.0\config_win -data c:\Users\afzal.hussain\AppData\Roaming\Antigravity\User\workspaceStorage\228240ae4c73fb4b5bcf304caddccf04\redhat.java\jdt_ws --pipe=\\.\pipe\lsp-9c2feb359d0ce3e62b4eaf59ade7bfd0-sock

Host: 13th Gen Intel(R) Core(TM) i7-1355U, 12 cores, 15G,  Windows 11 , 64 bit Build 26100 (10.0.26100.7920)
Time: Sun Mar  8 20:04:47 2026 India Standard Time elapsed time: 6.815487 seconds (0d 0h 0m 6s)

---------------  T H R E A D  ---------------

Current thread (0x00000278df2c3b00):  JavaThread "C2 CompilerThread1" daemon [_thread_in_native, id=37352, stack(0x000000c60fd00000,0x000000c60fe00000) (1024K)]


Current CompileTask:
C2:6815 3090       4       java.lang.invoke.MethodType::makeImpl (109 bytes)

Stack: [0x000000c60fd00000,0x000000c60fe00000]
Native frames: (J=compiled Java code, j=interpreted, Vv=VM code, C=native code)
V  [jvm.dll+0x6d7a39]
V  [jvm.dll+0x8b4b26]
V  [jvm.dll+0x8b70de]
V  [jvm.dll+0x8b77c3]
V  [jvm.dll+0x284346]
V  [jvm.dll+0xc66ed]
V  [jvm.dll+0xc6c31]
V  [jvm.dll+0x3bec3b]
V  [jvm.dll+0x1e3f69]
V  [jvm.dll+0x24c6b3]
V  [jvm.dll+0x24bb40]
V  [jvm.dll+0x1cb34e]
V  [jvm.dll+0x25b85d]
V  [jvm.dll+0x259dea]
V  [jvm.dll+0x3f857e]
V  [jvm.dll+0x85f59d]
V  [jvm.dll+0x6d626d]
C  [ucrtbase.dll+0x37b0]
C  [KERNEL32.DLL+0x2e8d7]
C  [ntdll.dll+0x8c48c]


---------------  P R O C E S S  ---------------

Threads class SMR info:
_java_thread_list=0x00000278e697a2f0, length=22, elements={
0x00000278848c44e0, 0x00000278df0af410, 0x00000278df0affd0, 0x00000278df0b7ab0,
0x00000278df0b8510, 0x00000278df0bca30, 0x00000278df0bd770, 0x00000278df0e4830,
0x00000278df0edf90, 0x00000278df2c3b00, 0x00000278df1bd200, 0x00000278df1bf960,
0x00000278df1bec40, 0x00000278df1bd890, 0x00000278df1c0680, 0x00000278df1bdf20,
0x00000278df1be5b0, 0x00000278df1bf2d0, 0x00000278e6237c20, 0x00000278e6238fd0,
0x00000278e6236f00, 0x00000278e6237590
}

Java Threads: ( => current thread )
  0x00000278848c44e0 JavaThread "main"                              [_thread_blocked, id=26012, stack(0x000000c60f100000,0x000000c60f200000) (1024K)]
  0x00000278df0af410 JavaThread "Reference Handler"          daemon [_thread_blocked, id=8908, stack(0x000000c60f500000,0x000000c60f600000) (1024K)]
  0x00000278df0affd0 JavaThread "Finalizer"                  daemon [_thread_blocked, id=21428, stack(0x000000c60f600000,0x000000c60f700000) (1024K)]
  0x00000278df0b7ab0 JavaThread "Signal Dispatcher"          daemon [_thread_blocked, id=21332, stack(0x000000c60f700000,0x000000c60f800000) (1024K)]
  0x00000278df0b8510 JavaThread "Attach Listener"            daemon [_thread_blocked, id=17608, stack(0x000000c60f800000,0x000000c60f900000) (1024K)]
  0x00000278df0bca30 JavaThread "Service Thread"             daemon [_thread_blocked, id=14248, stack(0x000000c60f900000,0x000000c60fa00000) (1024K)]
  0x00000278df0bd770 JavaThread "Monitor Deflation Thread"   daemon [_thread_blocked, id=24836, stack(0x000000c60fa00000,0x000000c60fb00000) (1024K)]
  0x00000278df0e4830 JavaThread "C2 CompilerThread0"         daemon [_thread_in_native, id=14172, stack(0x000000c60fb00000,0x000000c60fc00000) (1024K)]
  0x00000278df0edf90 JavaThread "C1 CompilerThread0"         daemon [_thread_in_vm, id=34724, stack(0x000000c60fc00000,0x000000c60fd00000) (1024K)]
=>0x00000278df2c3b00 JavaThread "C2 CompilerThread1"         daemon [_thread_in_native, id=37352, stack(0x000000c60fd00000,0x000000c60fe00000) (1024K)]
  0x00000278df1bd200 JavaThread "Common-Cleaner"             daemon [_thread_blocked, id=34676, stack(0x000000c60fe00000,0x000000c60ff00000) (1024K)]
  0x00000278df1bf960 JavaThread "Notification Thread"        daemon [_thread_blocked, id=38648, stack(0x000000c60ff00000,0x000000c610000000) (1024K)]
  0x00000278df1bec40 JavaThread "Active Thread: Equinox Container: cfa45c72-46ce-48d8-abe6-42ac2b74ce43"        [_thread_blocked, id=34172, stack(0x000000c610700000,0x000000c610800000) (1024K)]
  0x00000278df1bd890 JavaThread "Refresh Thread: Equinox Container: cfa45c72-46ce-48d8-abe6-42ac2b74ce43" daemon [_thread_blocked, id=11844, stack(0x000000c610900000,0x000000c610a00000) (1024K)]
  0x00000278df1c0680 JavaThread "Framework Event Dispatcher: Equinox Container: cfa45c72-46ce-48d8-abe6-42ac2b74ce43" daemon [_thread_blocked, id=24108, stack(0x000000c610a00000,0x000000c610b00000) (1024K)]
  0x00000278df1bdf20 JavaThread "Start Level: Equinox Container: cfa45c72-46ce-48d8-abe6-42ac2b74ce43" daemon [_thread_in_Java, id=24568, stack(0x000000c610b00000,0x000000c610c00000) (1024K)]
  0x00000278df1be5b0 JavaThread "Bundle File Closer"         daemon [_thread_blocked, id=40668, stack(0x000000c610e00000,0x000000c610f00000) (1024K)]
  0x00000278df1bf2d0 JavaThread "SCR Component Actor"        daemon [_thread_blocked, id=30528, stack(0x000000c610f00000,0x000000c611000000) (1024K)]
  0x00000278e6237c20 JavaThread "Worker-JM"                         [_thread_blocked, id=13164, stack(0x000000c611000000,0x000000c611100000) (1024K)]
  0x00000278e6238fd0 JavaThread "JNA Cleaner"                daemon [_thread_blocked, id=30400, stack(0x000000c611100000,0x000000c611200000) (1024K)]
  0x00000278e6236f00 JavaThread "Worker-0: Checking project encoding"        [_thread_blocked, id=38344, stack(0x000000c611200000,0x000000c611300000) (1024K)]
  0x00000278e6237590 JavaThread "Worker-1"                          [_thread_blocked, id=17624, stack(0x000000c611300000,0x000000c611400000) (1024K)]
Total: 22

Other Threads:
  0x00000278896f36a0 VMThread "VM Thread"                           [id=41940, stack(0x000000c60f400000,0x000000c60f500000) (1024K)]
  0x0000027889640cb0 WatcherThread "VM Periodic Task Thread"        [id=32152, stack(0x000000c60f300000,0x000000c60f400000) (1024K)]
  0x0000027883f9d920 WorkerThread "GC Thread#0"                     [id=26144, stack(0x000000c60f200000,0x000000c60f300000) (1024K)]
  0x00000278e56067a0 WorkerThread "GC Thread#1"                     [id=38424, stack(0x000000c610100000,0x000000c610200000) (1024K)]
  0x00000278e5606b50 WorkerThread "GC Thread#2"                     [id=17824, stack(0x000000c610200000,0x000000c610300000) (1024K)]
  0x00000278e5526990 WorkerThread "GC Thread#3"                     [id=41844, stack(0x000000c610300000,0x000000c610400000) (1024K)]
  0x00000278e56b1680 WorkerThread "GC Thread#4"                     [id=18368, stack(0x000000c610400000,0x000000c610500000) (1024K)]
  0x00000278e56b1a30 WorkerThread "GC Thread#5"                     [id=30840, stack(0x000000c610500000,0x000000c610600000) (1024K)]
  0x00000278e56b1de0 WorkerThread "GC Thread#6"                     [id=24436, stack(0x000000c610600000,0x000000c610700000) (1024K)]
  0x00000278e58b0b70 WorkerThread "GC Thread#7"                     [id=12500, stack(0x000000c610800000,0x000000c610900000) (1024K)]
  0x00000278e5b27cd0 WorkerThread "GC Thread#8"                     [id=10424, stack(0x000000c610c00000,0x000000c610d00000) (1024K)]
  0x00000278e5b287e0 WorkerThread "GC Thread#9"                     [id=17168, stack(0x000000c610d00000,0x000000c610e00000) (1024K)]
Total: 12

Threads with active compile tasks:
C1 CompilerThread0  6879 3439       3       org.apache.felix.resolver.PackageSpaces::mergeCandidatePackages (436 bytes)
C2 CompilerThread1  6879 3090       4       java.lang.invoke.MethodType::makeImpl (109 bytes)
Total: 2

VM state: not at safepoint (normal execution)

VM Mutex/Monitor currently owned by a thread: None

Heap address: 0x0000000080000000, size: 2048 MB, Compressed Oops mode: 32-bit

CDS archive(s) mapped at: [0x000002789e000000-0x000002789eba0000-0x000002789eba0000), size 12189696, SharedBaseAddress: 0x000002789e000000, ArchiveRelocationMode: 1.
Compressed class space mapped at: 0x000002789f000000-0x00000278df000000, reserved size: 1073741824
Narrow klass base: 0x000002789e000000, Narrow klass shift: 0, Narrow klass range: 0x100000000

GC Precious Log:
 CardTable entry size: 512
 CPUs: 12 total, 12 available
 Memory: 16068M
 Large Page Support: Disabled
 NUMA Support: Disabled
 Compressed Oops: Enabled (32-bit)
 Alignments: Space 512K, Generation 512K, Heap 2M
 Heap Min Capacity: 100M
 Heap Initial Capacity: 100M
 Heap Max Capacity: 2G
 Pre-touch: Disabled
 Parallel Workers: 10

Heap:
 PSYoungGen      total 29184K, used 26825K [0x00000000d5580000, 0x00000000d7a00000, 0x0000000100000000)
  eden space 25088K, 90% used [0x00000000d5580000,0x00000000d6bb85e8,0x00000000d6e00000)
  from space 4096K, 99% used [0x00000000d6e80000,0x00000000d727a0e8,0x00000000d7280000)
  to   space 6144K, 0% used [0x00000000d7400000,0x00000000d7400000,0x00000000d7a00000)
 ParOldGen       total 68608K, used 7696K [0x0000000080000000, 0x0000000084300000, 0x00000000d5580000)
  object space 68608K, 11% used [0x0000000080000000,0x0000000080784078,0x0000000084300000)
 Metaspace       used 18530K, committed 19328K, reserved 1114112K
  class space    used 1941K, committed 2240K, reserved 1048576K

Card table byte_map: [0x0000027898930000,0x0000027898d40000] _byte_map_base: 0x0000027898530000

Marking Bits: (ParMarkBitMap*) 0x00007ffdb2643450
 Begin Bits: [0x0000027898ff0000, 0x000002789aff0000)
 End Bits:   [0x000002789aff0000, 0x000002789cff0000)

Polling page: 0x00000278894f0000

Metaspace:

Usage:
  Non-class:     16.20 MB used.
      Class:      1.90 MB used.
       Both:     18.10 MB used.

Virtual space:
  Non-class space:       64.00 MB reserved,      16.69 MB ( 26%) committed,  1 nodes.
      Class space:        1.00 GB reserved,       2.19 MB ( <1%) committed,  1 nodes.
             Both:        1.06 GB reserved,      18.88 MB (  2%) committed. 

Chunk freelists:
   Non-Class:  14.83 MB
       Class:  13.64 MB
        Both:  28.46 MB

MaxMetaspaceSize: unlimited
CompressedClassSpaceSize: 1.00 GB
Initial GC threshold: 21.00 MB
Current GC threshold: 21.00 MB
CDS: on
 - commit_granule_bytes: 65536.
 - commit_granule_words: 8192.
 - virtual_space_node_default_size: 8388608.
 - enlarge_chunks_in_place: 1.
 - use_allocation_guard: 0.


Internal statistics:

num_allocs_failed_limit: 0.
num_arena_births: 556.
num_arena_deaths: 0.
num_vsnodes_births: 2.
num_vsnodes_deaths: 0.
num_space_committed: 302.
num_space_uncommitted: 0.
num_chunks_returned_to_freelist: 0.
num_chunks_taken_from_freelist: 1264.
num_chunk_merges: 0.
num_chunk_splits: 803.
num_chunks_enlarged: 513.
num_inconsistent_stats: 0.

CodeHeap 'non-profiled nmethods': size=120000Kb used=1678Kb max_used=1678Kb free=118321Kb
 bounds [0x0000027891210000, 0x0000027891480000, 0x0000027898740000]
CodeHeap 'profiled nmethods': size=120000Kb used=7056Kb max_used=7056Kb free=112943Kb
 bounds [0x0000027889740000, 0x0000027889e30000, 0x0000027890c70000]
CodeHeap 'non-nmethods': size=5760Kb used=1279Kb max_used=1302Kb free=4480Kb
 bounds [0x0000027890c70000, 0x0000027890ee0000, 0x0000027891210000]
CodeCache: size=245760Kb, used=10013Kb, max_used=10036Kb, free=235744Kb
 total_blobs=3989, nmethods=3436, adapters=459, full_count=0
Compilation: enabled, stopped_count=0, restarted_count=0

Compilation events (20 events):
Event: 5.799 Thread 0x00000278df0edf90 nmethod 3344 0x0000027889dd2f10 code [0x0000027889dd30e0, 0x0000027889dd3490]
Event: 5.799 Thread 0x00000278df0edf90 3352       3       org.apache.felix.resolver.util.OpenHashMap::get (116 bytes)
Event: 5.801 Thread 0x00000278df0edf90 nmethod 3352 0x0000027889dd3610 code [0x0000027889dd3840, 0x0000027889dd3ff0]
Event: 5.801 Thread 0x00000278df0edf90 3353       3       java.lang.invoke.VarHandleGuards::guard_LLL_Z (86 bytes)
Event: 5.802 Thread 0x00000278df0edf90 nmethod 3353 0x0000027889dd4310 code [0x0000027889dd4640, 0x0000027889dd5ea8]
Event: 5.803 Thread 0x00000278df0e4830 nmethod 3351 0x00000278913aa210 code [0x00000278913aa3a0, 0x00000278913aa510]
Event: 5.803 Thread 0x00000278df0edf90 3355       3       java.lang.invoke.VarHandleReferences$FieldInstanceReadWrite::compareAndSet (48 bytes)
Event: 5.803 Thread 0x00000278df0e4830 3354   !   4       java.security.cert.Certificate::equals (38 bytes)
Event: 5.804 Thread 0x00000278df0edf90 nmethod 3355 0x0000027889dd6710 code [0x0000027889dd6980, 0x0000027889dd7328]
Event: 5.804 Thread 0x00000278df0edf90 3347       3       org.apache.felix.resolver.Packages$2::compute (9 bytes)
Event: 5.804 Thread 0x00000278e50d1c10 nmethod 3336 0x00000278913aa690 code [0x00000278913aa8e0, 0x00000278913aae18]
Event: 5.804 Thread 0x00000278df0edf90 nmethod 3347 0x0000027889dd7710 code [0x0000027889dd78e0, 0x0000027889dd7d40]
Event: 5.804 Thread 0x00000278df0edf90 3348       3       org.apache.felix.resolver.Packages$2::compute (8 bytes)
Event: 5.805 Thread 0x00000278df0edf90 nmethod 3348 0x0000027889dd7f10 code [0x0000027889dd80e0, 0x0000027889dd83e8]
Event: 5.805 Thread 0x00000278df0edf90 3345       3       org.apache.felix.resolver.util.OpenHashMap$ValueIterator::next (13 bytes)
Event: 5.805 Thread 0x00000278df0e4830 nmethod 3354 0x00000278913ab310 code [0x00000278913ab4a0, 0x00000278913ab6a8]
Event: 5.805 Thread 0x00000278df0edf90 nmethod 3345 0x0000027889dd8510 code [0x0000027889dd86c0, 0x0000027889dd88c8]
Event: 5.805 Thread 0x00000278df0edf90 3350       1       org.apache.felix.resolver.ResolveSession::getContext (5 bytes)
Event: 5.805 Thread 0x00000278df0edf90 nmethod 3350 0x00000278913ab790 code [0x00000278913ab920, 0x00000278913ab9e8]
Event: 6.631 Thread 0x00000278df0edf90 3357       3       jdk.internal.misc.Unsafe::weakCompareAndSetReference (11 bytes)

GC Heap History (10 events):
Event: 1.646 GC heap before
{Heap before GC invocations=1 (full 0):
 PSYoungGen      total 29696K, used 25600K [0x00000000d5580000, 0x00000000d7680000, 0x0000000100000000)
  eden space 25600K, 100% used [0x00000000d5580000,0x00000000d6e80000,0x00000000d6e80000)
  from space 4096K, 0% used [0x00000000d7280000,0x00000000d7280000,0x00000000d7680000)
  to   space 4096K, 0% used [0x00000000d6e80000,0x00000000d6e80000,0x00000000d7280000)
 ParOldGen       total 68608K, used 0K [0x0000000080000000, 0x0000000084300000, 0x00000000d5580000)
  object space 68608K, 0% used [0x0000000080000000,0x0000000080000000,0x0000000084300000)
 Metaspace       used 4380K, committed 4672K, reserved 1114112K
  class space    used 472K, committed 576K, reserved 1048576K
}
Event: 1.651 GC heap after
{Heap after GC invocations=1 (full 0):
 PSYoungGen      total 29696K, used 3312K [0x00000000d5580000, 0x00000000d7680000, 0x0000000100000000)
  eden space 25600K, 0% used [0x00000000d5580000,0x00000000d5580000,0x00000000d6e80000)
  from space 4096K, 80% used [0x00000000d6e80000,0x00000000d71bc148,0x00000000d7280000)
  to   space 4096K, 0% used [0x00000000d7280000,0x00000000d7280000,0x00000000d7680000)
 ParOldGen       total 68608K, used 16K [0x0000000080000000, 0x0000000084300000, 0x00000000d5580000)
  object space 68608K, 0% used [0x0000000080000000,0x0000000080004000,0x0000000084300000)
 Metaspace       used 4380K, committed 4672K, reserved 1114112K
  class space    used 472K, committed 576K, reserved 1048576K
}
Event: 2.203 GC heap before
{Heap before GC invocations=2 (full 0):
 PSYoungGen      total 29696K, used 28912K [0x00000000d5580000, 0x00000000d7680000, 0x0000000100000000)
  eden space 25600K, 100% used [0x00000000d5580000,0x00000000d6e80000,0x00000000d6e80000)
  from space 4096K, 80% used [0x00000000d6e80000,0x00000000d71bc148,0x00000000d7280000)
  to   space 4096K, 0% used [0x00000000d7280000,0x00000000d7280000,0x00000000d7680000)
 ParOldGen       total 68608K, used 16K [0x0000000080000000, 0x0000000084300000, 0x00000000d5580000)
  object space 68608K, 0% used [0x0000000080000000,0x0000000080004000,0x0000000084300000)
 Metaspace       used 8056K, committed 8320K, reserved 1114112K
  class space    used 832K, committed 960K, reserved 1048576K
}
Event: 2.207 GC heap after
{Heap after GC invocations=2 (full 0):
 PSYoungGen      total 29696K, used 4070K [0x00000000d5580000, 0x00000000d7680000, 0x0000000100000000)
  eden space 25600K, 0% used [0x00000000d5580000,0x00000000d5580000,0x00000000d6e80000)
  from space 4096K, 99% used [0x00000000d7280000,0x00000000d7679800,0x00000000d7680000)
  to   space 4096K, 0% used [0x00000000d6e80000,0x00000000d6e80000,0x00000000d7280000)
 ParOldGen       total 68608K, used 1789K [0x0000000080000000, 0x0000000084300000, 0x00000000d5580000)
  object space 68608K, 2% used [0x0000000080000000,0x00000000801bf648,0x0000000084300000)
 Metaspace       used 8056K, committed 8320K, reserved 1114112K
  class space    used 832K, committed 960K, reserved 1048576K
}
Event: 2.553 GC heap before
{Heap before GC invocations=3 (full 0):
 PSYoungGen      total 29696K, used 29670K [0x00000000d5580000, 0x00000000d7680000, 0x0000000100000000)
  eden space 25600K, 100% used [0x00000000d5580000,0x00000000d6e80000,0x00000000d6e80000)
  from space 4096K, 99% used [0x00000000d7280000,0x00000000d7679800,0x00000000d7680000)
  to   space 4096K, 0% used [0x00000000d6e80000,0x00000000d6e80000,0x00000000d7280000)
 ParOldGen       total 68608K, used 1789K [0x0000000080000000, 0x0000000084300000, 0x00000000d5580000)
  object space 68608K, 2% used [0x0000000080000000,0x00000000801bf648,0x0000000084300000)
 Metaspace       used 9502K, committed 9856K, reserved 1114112K
  class space    used 1007K, committed 1152K, reserved 1048576K
}
Event: 2.558 GC heap after
{Heap after GC invocations=3 (full 0):
 PSYoungGen      total 29696K, used 4084K [0x00000000d5580000, 0x00000000d7680000, 0x0000000100000000)
  eden space 25600K, 0% used [0x00000000d5580000,0x00000000d5580000,0x00000000d6e80000)
  from space 4096K, 99% used [0x00000000d6e80000,0x00000000d727d168,0x00000000d7280000)
  to   space 4096K, 0% used [0x00000000d7280000,0x00000000d7280000,0x00000000d7680000)
 ParOldGen       total 68608K, used 4409K [0x0000000080000000, 0x0000000084300000, 0x00000000d5580000)
  object space 68608K, 6% used [0x0000000080000000,0x000000008044e788,0x0000000084300000)
 Metaspace       used 9502K, committed 9856K, reserved 1114112K
  class space    used 1007K, committed 1152K, reserved 1048576K
}
Event: 5.018 GC heap before
{Heap before GC invocations=4 (full 0):
 PSYoungGen      total 29696K, used 29684K [0x00000000d5580000, 0x00000000d7680000, 0x0000000100000000)
  eden space 25600K, 100% used [0x00000000d5580000,0x00000000d6e80000,0x00000000d6e80000)
  from space 4096K, 99% used [0x00000000d6e80000,0x00000000d727d168,0x00000000d7280000)
  to   space 4096K, 0% used [0x00000000d7280000,0x00000000d7280000,0x00000000d7680000)
 ParOldGen       total 68608K, used 4409K [0x0000000080000000, 0x0000000084300000, 0x00000000d5580000)
  object space 68608K, 6% used [0x0000000080000000,0x000000008044e788,0x0000000084300000)
 Metaspace       used 12220K, committed 12608K, reserved 1114112K
  class space    used 1294K, committed 1472K, reserved 1048576K
}
Event: 5.021 GC heap after
{Heap after GC invocations=4 (full 0):
 PSYoungGen      total 29696K, used 4084K [0x00000000d5580000, 0x00000000d7680000, 0x0000000100000000)
  eden space 25600K, 0% used [0x00000000d5580000,0x00000000d5580000,0x00000000d6e80000)
  from space 4096K, 99% used [0x00000000d7280000,0x00000000d767d2b0,0x00000000d7680000)
  to   space 4096K, 0% used [0x00000000d6e80000,0x00000000d6e80000,0x00000000d7280000)
 ParOldGen       total 68608K, used 5908K [0x0000000080000000, 0x0000000084300000, 0x00000000d5580000)
  object space 68608K, 8% used [0x0000000080000000,0x00000000805c5350,0x0000000084300000)
 Metaspace       used 12220K, committed 12608K, reserved 1114112K
  class space    used 1294K, committed 1472K, reserved 1048576K
}
Event: 5.510 GC heap before
{Heap before GC invocations=5 (full 0):
 PSYoungGen      total 29696K, used 29684K [0x00000000d5580000, 0x00000000d7680000, 0x0000000100000000)
  eden space 25600K, 100% used [0x00000000d5580000,0x00000000d6e80000,0x00000000d6e80000)
  from space 4096K, 99% used [0x00000000d7280000,0x00000000d767d2b0,0x00000000d7680000)
  to   space 4096K, 0% used [0x00000000d6e80000,0x00000000d6e80000,0x00000000d7280000)
 ParOldGen       total 68608K, used 5908K [0x0000000080000000, 0x0000000084300000, 0x00000000d5580000)
  object space 68608K, 8% used [0x0000000080000000,0x00000000805c5350,0x0000000084300000)
 Metaspace       used 15966K, committed 16576K, reserved 1114112K
  class space    used 1655K, committed 1920K, reserved 1048576K
}
Event: 5.514 GC heap after
{Heap after GC invocations=5 (full 0):
 PSYoungGen      total 29184K, used 4072K [0x00000000d5580000, 0x00000000d7a00000, 0x0000000100000000)
  eden space 25088K, 0% used [0x00000000d5580000,0x00000000d5580000,0x00000000d6e00000)
  from space 4096K, 99% used [0x00000000d6e80000,0x00000000d727a0e8,0x00000000d7280000)
  to   space 6144K, 0% used [0x00000000d7400000,0x00000000d7400000,0x00000000d7a00000)
 ParOldGen       total 68608K, used 7696K [0x0000000080000000, 0x0000000084300000, 0x00000000d5580000)
  object space 68608K, 11% used [0x0000000080000000,0x0000000080784078,0x0000000084300000)
 Metaspace       used 15966K, committed 16576K, reserved 1114112K
  class space    used 1655K, committed 1920K, reserved 1048576K
}

Dll operation events (10 events):
Event: 0.027 Loaded shared library c:\Users\afzal.hussain\.antigravity\extensions\redhat.java-1.53.0-win32-x64\jre\21.0.10-win32-x86_64\bin\java.dll
Event: 1.074 Loaded shared library c:\Users\afzal.hussain\.antigravity\extensions\redhat.java-1.53.0-win32-x64\jre\21.0.10-win32-x86_64\bin\zip.dll
Event: 1.164 Loaded shared library C:\Users\afzal.hussain\.antigravity\extensions\redhat.java-1.53.0-win32-x64\jre\21.0.10-win32-x86_64\bin\instrument.dll
Event: 1.173 Loaded shared library C:\Users\afzal.hussain\.antigravity\extensions\redhat.java-1.53.0-win32-x64\jre\21.0.10-win32-x86_64\bin\net.dll
Event: 1.177 Loaded shared library C:\Users\afzal.hussain\.antigravity\extensions\redhat.java-1.53.0-win32-x64\jre\21.0.10-win32-x86_64\bin\nio.dll
Event: 1.182 Loaded shared library C:\Users\afzal.hussain\.antigravity\extensions\redhat.java-1.53.0-win32-x64\jre\21.0.10-win32-x86_64\bin\zip.dll
Event: 1.198 Loaded shared library C:\Users\afzal.hussain\.antigravity\extensions\redhat.java-1.53.0-win32-x64\jre\21.0.10-win32-x86_64\bin\jimage.dll
Event: 1.257 Loaded shared library c:\Users\afzal.hussain\.antigravity\extensions\redhat.java-1.53.0-win32-x64\jre\21.0.10-win32-x86_64\bin\verify.dll
Event: 2.247 Loaded shared library C:\Users\afzal.hussain\AppData\Roaming\Antigravity\User\globalStorage\redhat.java\1.53.0\config_win\org.eclipse.equinox.launcher\org.eclipse.equinox.launcher.win32.win32.x86_64_1.3.0.v20260203-2149\eclipse_11919.dll
Event: 5.573 Loaded shared library C:\Users\afzal.hussain\AppData\Local\Temp\jna-2018291179\jna2072623263715085999.dll

Deoptimization events (20 events):
Event: 5.604 Thread 0x00000278df1bdf20 Uncommon trap: trap_request=0xffffffc6 fr.pc=0x00000278912dcb98 relative=0x0000000000000e18
Event: 5.604 Thread 0x00000278df1bdf20 Uncommon trap: reason=bimorphic_or_optimized_type_check action=maybe_recompile pc=0x00000278912dcb98 method=java.util.HashMap.putVal(ILjava/lang/Object;Ljava/lang/Object;ZZ)Ljava/lang/Object; @ 91 c2
Event: 5.604 Thread 0x00000278df1bdf20 DEOPT PACKING pc=0x00000278912dcb98 sp=0x000000c610bf7e60
Event: 5.604 Thread 0x00000278df1bdf20 DEOPT UNPACKING pc=0x0000027890cc3aa2 sp=0x000000c610bf7e00 mode 2
Event: 5.640 Thread 0x00000278df1bdf20 Uncommon trap: trap_request=0xffffff45 fr.pc=0x0000027891370e28 relative=0x0000000000000088
Event: 5.640 Thread 0x00000278df1bdf20 Uncommon trap: reason=unstable_if action=reinterpret pc=0x0000027891370e28 method=java.lang.ref.SoftReference.get()Ljava/lang/Object; @ 6 c2
Event: 5.640 Thread 0x00000278df1bdf20 DEOPT PACKING pc=0x0000027891370e28 sp=0x000000c610bf9740
Event: 5.640 Thread 0x00000278df1bdf20 DEOPT UNPACKING pc=0x0000027890cc3aa2 sp=0x000000c610bf96d8 mode 2
Event: 5.668 Thread 0x00000278e6236f00 Uncommon trap: trap_request=0xffffff45 fr.pc=0x0000027891318668 relative=0x00000000000000c8
Event: 5.668 Thread 0x00000278e6236f00 Uncommon trap: reason=unstable_if action=reinterpret pc=0x0000027891318668 method=java.util.concurrent.locks.ReentrantLock$NonfairSync.initialTryLock()Z @ 25 c2
Event: 5.668 Thread 0x00000278e6236f00 DEOPT PACKING pc=0x0000027891318668 sp=0x000000c6112fe000
Event: 5.668 Thread 0x00000278e6236f00 DEOPT UNPACKING pc=0x0000027890cc3aa2 sp=0x000000c6112fdf90 mode 2
Event: 5.699 Thread 0x00000278df1bdf20 Uncommon trap: trap_request=0xffffff45 fr.pc=0x0000027891348a10 relative=0x0000000000000070
Event: 5.699 Thread 0x00000278df1bdf20 Uncommon trap: reason=unstable_if action=reinterpret pc=0x0000027891348a10 method=java.lang.ref.ReferenceQueue.poll()Ljava/lang/ref/Reference; @ 4 c2
Event: 5.699 Thread 0x00000278df1bdf20 DEOPT PACKING pc=0x0000027891348a10 sp=0x000000c610bf2870
Event: 5.699 Thread 0x00000278df1bdf20 DEOPT UNPACKING pc=0x0000027890cc3aa2 sp=0x000000c610bf27f8 mode 2
Event: 5.786 Thread 0x00000278df1bdf20 Uncommon trap: trap_request=0xffffff45 fr.pc=0x0000027891266af4 relative=0x0000000000000334
Event: 5.786 Thread 0x00000278df1bdf20 Uncommon trap: reason=unstable_if action=reinterpret pc=0x0000027891266af4 method=java.util.HashMap$HashIterator.<init>(Ljava/util/HashMap;)V @ 45 c2
Event: 5.786 Thread 0x00000278df1bdf20 DEOPT PACKING pc=0x0000027891266af4 sp=0x000000c610bf24d0
Event: 5.786 Thread 0x00000278df1bdf20 DEOPT UNPACKING pc=0x0000027890cc3aa2 sp=0x000000c610bf23b8 mode 2

Classes loaded (20 events):
Event: 5.634 Loading class java/util/function/LongUnaryOperator
Event: 5.634 Loading class java/util/function/LongUnaryOperator done
Event: 5.634 Loading class java/lang/ThreadDeath
Event: 5.634 Loading class java/lang/ThreadDeath done
Event: 5.642 Loading class java/util/stream/SortedOps$SizedRefSortingSink
Event: 5.642 Loading class java/util/stream/SortedOps$SizedRefSortingSink done
Event: 5.685 Loading class java/util/concurrent/atomic/Striped64$1
Event: 5.685 Loading class java/util/concurrent/atomic/Striped64$1 done
Event: 5.739 Loading class java/util/BitSet
Event: 5.739 Loading class java/util/BitSet done
Event: 5.742 Loading class sun/net/www/protocol/jrt/JavaRuntimeURLConnection
Event: 5.742 Loading class sun/net/www/protocol/jrt/JavaRuntimeURLConnection done
Event: 5.742 Loading class sun/net/www/protocol/jrt/JavaRuntimeURLConnection$1
Event: 5.743 Loading class sun/net/www/protocol/jrt/JavaRuntimeURLConnection$1 done
Event: 5.756 Loading class java/util/function/UnaryOperator
Event: 5.756 Loading class java/util/function/UnaryOperator done
Event: 5.758 Loading class java/util/ServiceConfigurationError
Event: 5.758 Loading class java/util/ServiceConfigurationError done
Event: 5.773 Loading class java/lang/InheritableThreadLocal
Event: 5.773 Loading class java/lang/InheritableThreadLocal done

Classes unloaded (0 events):
No events

Classes redefined (0 events):
No events

Internal exceptions (20 events):
Event: 5.444 Thread 0x00000278df1bdf20 Exception <a 'java/lang/NoSuchMethodError'{0x00000000d6b4c5a8}: 'java.lang.Object java.lang.invoke.DirectMethodHandle$Holder.newInvokeSpecial(java.lang.Object, java.lang.Object, java.lang.Object, java.lang.Object, java.lang.Object)'> (0x00000000d6b4c5a8) 
thrown [s\src\hotspot\share\interpreter\linkResolver.cpp, line 773]
Event: 5.501 Thread 0x00000278df1bdf20 Exception <a 'java/lang/NoSuchMethodError'{0x00000000d6de9f00}: 'java.lang.Object java.lang.invoke.DirectMethodHandle$Holder.invokeStaticInit(java.lang.Object, int)'> (0x00000000d6de9f00) 
thrown [s\src\hotspot\share\interpreter\linkResolver.cpp, line 773]
Event: 5.545 Thread 0x00000278df1bdf20 Exception <a 'java/lang/NoSuchMethodError'{0x00000000d57957e0}: 'java.lang.Object java.lang.invoke.DirectMethodHandle$Holder.invokeStaticInit(java.lang.Object, int, int, int, int)'> (0x00000000d57957e0) 
thrown [s\src\hotspot\share\interpreter\linkResolver.cpp, line 773]
Event: 5.562 Thread 0x00000278df1bdf20 Exception <a 'java/lang/NoSuchMethodError'{0x00000000d58d2d80}: 'java.lang.Object java.lang.invoke.DirectMethodHandle$Holder.invokeStaticInit(java.lang.Object, java.lang.Object, int, int, int, int)'> (0x00000000d58d2d80) 
thrown [s\src\hotspot\share\interpreter\linkResolver.cpp, line 773]
Event: 5.589 Thread 0x00000278df1bdf20 Exception <a 'java/lang/NoSuchMethodError'{0x00000000d59f6600}: 'void java.lang.invoke.DirectMethodHandle$Holder.invokeSpecial(java.lang.Object, java.lang.Object, java.lang.Object, int)'> (0x00000000d59f6600) 
thrown [s\src\hotspot\share\interpreter\linkResolver.cpp, line 773]
Event: 5.590 Thread 0x00000278df1bdf20 Exception <a 'java/lang/NoSuchMethodError'{0x00000000d59f9f90}: 'void java.lang.invoke.DelegatingMethodHandle$Holder.reinvoke_L(java.lang.Object, java.lang.Object, int)'> (0x00000000d59f9f90) 
thrown [s\src\hotspot\share\interpreter\linkResolver.cpp, line 773]
Event: 5.590 Thread 0x00000278df1bdf20 Exception <a 'java/lang/NoSuchMethodError'{0x00000000d5a00c78}: 'int java.lang.invoke.Invokers$Holder.invokeExact_MT(java.lang.Object, java.lang.Object, java.lang.Object)'> (0x00000000d5a00c78) 
thrown [s\src\hotspot\share\interpreter\linkResolver.cpp, line 773]
Event: 5.605 Thread 0x00000278df1bdf20 Exception <a 'java/lang/NoSuchMethodError'{0x00000000d5bb54b8}: 'void java.lang.invoke.Invokers$Holder.invokeExact_MT(java.lang.Object, java.lang.Object, int, java.lang.Object)'> (0x00000000d5bb54b8) 
thrown [s\src\hotspot\share\interpreter\linkResolver.cpp, line 773]
Event: 5.632 Thread 0x00000278df1bdf20 Exception <a 'java/lang/NoSuchMethodError'{0x00000000d5cfa530}: 'java.lang.Object java.lang.invoke.DirectMethodHandle$Holder.invokeSpecial(java.lang.Object, java.lang.Object, java.lang.Object, long, java.lang.Object)'> (0x00000000d5cfa530) 
thrown [s\src\hotspot\share\interpreter\linkResolver.cpp, line 773]
Event: 5.633 Thread 0x00000278df1bdf20 Exception <a 'java/lang/NoSuchMethodError'{0x00000000d5d01d78}: 'java.lang.Object java.lang.invoke.DirectMethodHandle$Holder.newInvokeSpecial(java.lang.Object, java.lang.Object, java.lang.Object, long)'> (0x00000000d5d01d78) 
thrown [s\src\hotspot\share\interpreter\linkResolver.cpp, line 773]
Event: 5.633 Thread 0x00000278df1bdf20 Exception <a 'java/lang/NoSuchMethodError'{0x00000000d5d06128}: 'java.lang.Object java.lang.invoke.DirectMethodHandle$Holder.invokeSpecial(java.lang.Object, java.lang.Object, java.lang.Object, java.lang.Object, long)'> (0x00000000d5d06128) 
thrown [s\src\hotspot\share\interpreter\linkResolver.cpp, line 773]
Event: 5.633 Thread 0x00000278df1bdf20 Exception <a 'java/lang/NoSuchMethodError'{0x00000000d5d09d48}: 'java.lang.Object java.lang.invoke.Invokers$Holder.linkToTargetMethod(java.lang.Object, java.lang.Object, long, java.lang.Object)'> (0x00000000d5d09d48) 
thrown [s\src\hotspot\share\interpreter\linkResolver.cpp, line 773]
Event: 5.640 Thread 0x00000278df1bdf20 Exception <a 'java/lang/NoSuchMethodError'{0x00000000d5d866b8}: 'int java.lang.invoke.DirectMethodHandle$Holder.invokeStaticInit(java.lang.Object, java.lang.Object, java.lang.Object)'> (0x00000000d5d866b8) 
thrown [s\src\hotspot\share\interpreter\linkResolver.cpp, line 773]
Event: 5.649 Thread 0x00000278df1bdf20 Exception <a 'java/lang/IncompatibleClassChangeError'{0x00000000d5e35738}: Found class java.lang.Object, but interface was expected> (0x00000000d5e35738) 
thrown [s\src\hotspot\share\interpreter\linkResolver.cpp, line 840]
Event: 5.663 Thread 0x00000278df1bdf20 Exception <a 'java/lang/NoSuchMethodError'{0x00000000d5e7b658}: 'java.lang.Object java.lang.invoke.DirectMethodHandle$Holder.invokeSpecial(java.lang.Object, java.lang.Object, java.lang.Object, int, java.lang.Object, java.lang.Object)'> (0x00000000d5e7b658) 
thrown [s\src\hotspot\share\interpreter\linkResolver.cpp, line 773]
Event: 5.664 Thread 0x00000278df1bdf20 Exception <a 'java/lang/NoSuchMethodError'{0x00000000d5e83070}: 'java.lang.Object java.lang.invoke.DirectMethodHandle$Holder.newInvokeSpecial(java.lang.Object, java.lang.Object, java.lang.Object, int, java.lang.Object)'> (0x00000000d5e83070) 
thrown [s\src\hotspot\share\interpreter\linkResolver.cpp, line 773]
Event: 5.664 Thread 0x00000278df1bdf20 Exception <a 'java/lang/NoSuchMethodError'{0x00000000d5e86ff0}: 'java.lang.Object java.lang.invoke.DirectMethodHandle$Holder.invokeSpecial(java.lang.Object, java.lang.Object, java.lang.Object, java.lang.Object, int, java.lang.Object)'> (0x00000000d5e86ff0) 
thrown [s\src\hotspot\share\interpreter\linkResolver.cpp, line 773]
Event: 5.664 Thread 0x00000278df1bdf20 Exception <a 'java/lang/NoSuchMethodError'{0x00000000d5e8ab30}: 'java.lang.Object java.lang.invoke.Invokers$Holder.linkToTargetMethod(java.lang.Object, java.lang.Object, int, java.lang.Object, java.lang.Object)'> (0x00000000d5e8ab30) 
thrown [s\src\hotspot\share\interpreter\linkResolver.cpp, line 773]
Event: 5.665 Thread 0x00000278e6236f00 Exception <a 'java/lang/NoSuchMethodError'{0x00000000d5d4fb50}: 'java.lang.Object java.lang.invoke.DirectMethodHandle$Holder.invokeSpecial(java.lang.Object, java.lang.Object, int, java.lang.Object, java.lang.Object)'> (0x00000000d5d4fb50) 
thrown [s\src\hotspot\share\interpreter\linkResolver.cpp, line 773]
Event: 5.687 Thread 0x00000278df1bdf20 Exception <a 'java/lang/NoSuchMethodError'{0x00000000d5f9d4e0}: 'void java.lang.invoke.DirectMethodHandle$Holder.invokeSpecial(java.lang.Object, java.lang.Object, java.lang.Object, java.lang.Object, java.lang.Object)'> (0x00000000d5f9d4e0) 
thrown [s\src\hotspot\share\interpreter\linkResolver.cpp, line 773]

ZGC Phase Switch (0 events):
No events

VM Operations (20 events):
Event: 4.929 Executing safepoint VM operation: Cleanup done
Event: 5.018 Executing safepoint VM operation: ParallelGCFailedAllocation (Allocation Failure)
Event: 5.021 Executing safepoint VM operation: ParallelGCFailedAllocation (Allocation Failure) done
Event: 5.407 Executing non-safepoint VM operation: HandshakeAllThreads (Deoptimize)
Event: 5.407 Executing non-safepoint VM operation: HandshakeAllThreads (Deoptimize) done
Event: 5.509 Executing safepoint VM operation: ICBufferFull
Event: 5.509 Executing safepoint VM operation: ICBufferFull done
Event: 5.510 Executing safepoint VM operation: ParallelGCFailedAllocation (Allocation Failure)
Event: 5.514 Executing safepoint VM operation: ParallelGCFailedAllocation (Allocation Failure) done
Event: 5.558 Executing non-safepoint VM operation: HandshakeAllThreads (Deoptimize)
Event: 5.558 Executing non-safepoint VM operation: HandshakeAllThreads (Deoptimize) done
Event: 5.581 Executing non-safepoint VM operation: HandshakeAllThreads (Deoptimize)
Event: 5.581 Executing non-safepoint VM operation: HandshakeAllThreads (Deoptimize) done
Event: 5.743 Executing non-safepoint VM operation: HandshakeAllThreads (Deoptimize)
Event: 5.743 Executing non-safepoint VM operation: HandshakeAllThreads (Deoptimize) done
Event: 5.778 Executing non-safepoint VM operation: HandshakeAllThreads (Deoptimize)
Event: 5.778 Executing non-safepoint VM operation: HandshakeAllThreads (Deoptimize) done
Event: 5.785 Executing non-safepoint VM operation: HandshakeAllThreads (Deoptimize)
Event: 5.785 Executing non-safepoint VM operation: HandshakeAllThreads (Deoptimize) done
Event: 6.798 Executing safepoint VM operation: Cleanup

Memory protections (0 events):
No events

Nmethod flushes (0 events):
No events

Events (20 events):
Event: 1.093 Thread 0x00000278848c44e0 Thread added: 0x00000278df0b8510
Event: 1.093 Thread 0x00000278848c44e0 Thread added: 0x00000278df0bca30
Event: 1.093 Thread 0x00000278848c44e0 Thread added: 0x00000278df0bd770
Event: 1.093 Thread 0x00000278848c44e0 Thread added: 0x00000278df0e4830
Event: 1.094 Thread 0x00000278848c44e0 Thread added: 0x00000278df0edf90
Event: 1.149 Thread 0x00000278df0edf90 Thread added: 0x00000278df2c3b00
Event: 1.167 Thread 0x00000278848c44e0 Thread added: 0x00000278df1bd200
Event: 1.343 Thread 0x00000278848c44e0 Thread added: 0x00000278df1bf960
Event: 1.405 Thread 0x00000278df0e4830 Thread added: 0x00000278e50d1c10
Event: 2.041 Thread 0x00000278848c44e0 Thread added: 0x00000278df1bec40
Event: 2.238 Thread 0x00000278848c44e0 Thread added: 0x00000278df1bd890
Event: 2.268 Thread 0x00000278df1bd890 Thread added: 0x00000278df1c0680
Event: 2.271 Thread 0x00000278848c44e0 Thread added: 0x00000278df1bdf20
Event: 2.621 Thread 0x00000278df1bdf20 Thread added: 0x00000278df1be5b0
Event: 2.897 Thread 0x00000278df1bdf20 Thread added: 0x00000278df1bf2d0
Event: 5.236 Thread 0x00000278df1bdf20 Thread added: 0x00000278e6237c20
Event: 5.596 Thread 0x00000278df1bdf20 Thread added: 0x00000278e6238fd0
Event: 5.636 Thread 0x00000278df1bdf20 Thread added: 0x00000278e6236f00
Event: 5.666 Thread 0x00000278df1bdf20 Thread added: 0x00000278e6237590
Event: 6.814 Thread 0x00000278e50d1c10 Thread exited: 0x00000278e50d1c10


Dynamic libraries:
0x00007ff644d70000 - 0x00007ff644d7e000 	c:\Users\afzal.hussain\.antigravity\extensions\redhat.java-1.53.0-win32-x64\jre\21.0.10-win32-x86_64\bin\java.exe
0x00000278844a0000 - 0x0000027884707000 	C:\Windows\SYSTEM32\ntd1l.dll
0x0000027884710000 - 0x00000278847d9000 	C:\Windows\System32\kern3l32.dll
0x00007ffe7a220000 - 0x00007ffe7a487000 	C:\Windows\SYSTEM32\ntdll.dll
0x00007ffe790e0000 - 0x00007ffe791a9000 	C:\Windows\System32\KERNEL32.DLL
0x00007ffe76ea0000 - 0x00007ffe77291000 	C:\Windows\System32\KERNELBASE.dll
0x00007ffe765f0000 - 0x00007ffe769cb000 	C:\Program Files\SentinelOne\Sentinel Agent 25.1.3.334\InProcessClient64.dll
0x00007ffe79020000 - 0x00007ffe790db000 	C:\Windows\System32\ADVAPI32.dll
0x00007ffe78ef0000 - 0x00007ffe78f99000 	C:\Windows\System32\msvcrt.dll
0x00007ffe79560000 - 0x00007ffe79607000 	C:\Windows\System32\sechost.dll
0x00007ffe765e0000 - 0x00007ffe765eb000 	C:\Windows\SYSTEM32\VERSION.dll
0x00007ffe78dd0000 - 0x00007ffe78ee8000 	C:\Windows\System32\RPCRT4.dll
0x00007ffe77d10000 - 0x00007ffe77e5b000 	C:\Windows\System32\ucrtbase.dll
0x00007ffe52510000 - 0x00007ffe52528000 	c:\Users\afzal.hussain\.antigravity\extensions\redhat.java-1.53.0-win32-x64\jre\21.0.10-win32-x86_64\bin\jli.dll
0x00007ffe791b0000 - 0x00007ffe79375000 	C:\Windows\System32\USER32.dll
0x00007ffe77e60000 - 0x00007ffe77e87000 	C:\Windows\System32\win32u.dll
0x00007ffe524d0000 - 0x00007ffe524ee000 	c:\Users\afzal.hussain\.antigravity\extensions\redhat.java-1.53.0-win32-x64\jre\21.0.10-win32-x86_64\bin\VCRUNTIME140.dll
0x00007ffe78cd0000 - 0x00007ffe78cfb000 	C:\Windows\System32\GDI32.dll
0x00007ffe77e90000 - 0x00007ffe77fba000 	C:\Windows\System32\gdi32full.dll
0x00007ffe6c750000 - 0x00007ffe6c9e3000 	C:\Windows\WinSxS\amd64_microsoft.windows.common-controls_6595b64144ccf1df_6.0.26100.7922_none_3e089e1ee3342171\COMCTL32.dll
0x00007ffe76c80000 - 0x00007ffe76d23000 	C:\Windows\System32\msvcp_win.dll
0x00007ffe76560000 - 0x00007ffe7656c000 	C:\Windows\SYSTEM32\FLTLIB.DLL
0x00007ffe78d90000 - 0x00007ffe78dc1000 	C:\Windows\System32\IMM32.DLL
0x0000000068000000 - 0x0000000068073000 	C:\Windows\System32\QIPCAP64.dll
0x00007ffe78020000 - 0x00007ffe7877f000 	C:\Windows\System32\SHELL32.dll
0x00007ffe77330000 - 0x00007ffe7749a000 	C:\Windows\System32\wintypes.dll
0x00007ffe79cf0000 - 0x00007ffe7a072000 	C:\Windows\System32\combase.dll
0x00007ffe74c50000 - 0x00007ffe74d7a000 	C:\Windows\SYSTEM32\DNSAPI.dll
0x00007ffe74bf0000 - 0x00007ffe74c23000 	C:\Windows\SYSTEM32\IPHLPAPI.DLL
0x00007ffe78c20000 - 0x00007ffe78c2a000 	C:\Windows\System32\NSI.dll
0x00007ffe6ea30000 - 0x00007ffe6ea3c000 	c:\Users\afzal.hussain\.antigravity\extensions\redhat.java-1.53.0-win32-x64\jre\21.0.10-win32-x86_64\bin\vcruntime140_1.dll
0x00007ffe4dcb0000 - 0x00007ffe4dd3d000 	c:\Users\afzal.hussain\.antigravity\extensions\redhat.java-1.53.0-win32-x64\jre\21.0.10-win32-x86_64\bin\msvcp140.dll
0x00007ffdb1980000 - 0x00007ffdb2721000 	c:\Users\afzal.hussain\.antigravity\extensions\redhat.java-1.53.0-win32-x64\jre\21.0.10-win32-x86_64\bin\server\jvm.dll
0x0000027886210000 - 0x0000027886284000 	C:\Windows\System32\WS2_32.dll
0x00007ffe76570000 - 0x00007ffe765ce000 	C:\Windows\SYSTEM32\POWRPROF.dll
0x00007ffe73520000 - 0x00007ffe73555000 	C:\Windows\SYSTEM32\WINMM.dll
0x00007ffe76490000 - 0x00007ffe764a4000 	C:\Windows\SYSTEM32\UMPDC.dll
0x00007ffe75450000 - 0x00007ffe7546b000 	C:\Windows\SYSTEM32\kernel.appcore.dll
0x00007ffe602b0000 - 0x00007ffe602ba000 	c:\Users\afzal.hussain\.antigravity\extensions\redhat.java-1.53.0-win32-x64\jre\21.0.10-win32-x86_64\bin\jimage.dll
0x00007ffe742e0000 - 0x00007ffe74522000 	C:\Windows\SYSTEM32\DBGHELP.DLL
0x00007ffe797b0000 - 0x00007ffe79887000 	C:\Windows\System32\OLEAUT32.dll
0x00007ffe66d10000 - 0x00007ffe66d4b000 	C:\Windows\SYSTEM32\dbgcore.DLL
0x00007ffe76d30000 - 0x00007ffe76dd5000 	C:\Windows\System32\bcryptPrimitives.dll
0x00007ffe73450000 - 0x00007ffe7345f000 	c:\Users\afzal.hussain\.antigravity\extensions\redhat.java-1.53.0-win32-x64\jre\21.0.10-win32-x86_64\bin\instrument.dll
0x00007ffe51c60000 - 0x00007ffe51c80000 	c:\Users\afzal.hussain\.antigravity\extensions\redhat.java-1.53.0-win32-x64\jre\21.0.10-win32-x86_64\bin\java.dll
0x00007ffe21a00000 - 0x00007ffe21a9f000 	C:\Program Files\SentinelOne\Sentinel Agent 25.1.3.334\SentinelJava64.dll
0x00007ffe79610000 - 0x00007ffe797a5000 	C:\Windows\System32\ole32.dll
0x00007ffe51c40000 - 0x00007ffe51c58000 	c:\Users\afzal.hussain\.antigravity\extensions\redhat.java-1.53.0-win32-x64\jre\21.0.10-win32-x86_64\bin\zip.dll
0x00007ffe774a0000 - 0x00007ffe77d04000 	C:\Windows\System32\windows.storage.dll
0x00007ffe79a50000 - 0x00007ffe79b47000 	C:\Windows\System32\SHCORE.dll
0x00007ffe79c80000 - 0x00007ffe79ce7000 	C:\Windows\System32\shlwapi.dll
0x00007ffe76a20000 - 0x00007ffe76a49000 	C:\Windows\SYSTEM32\profapi.dll
0x00007ffe70c60000 - 0x00007ffe70c70000 	C:\Users\afzal.hussain\.antigravity\extensions\redhat.java-1.53.0-win32-x64\jre\21.0.10-win32-x86_64\bin\net.dll
0x00007ffe71a40000 - 0x00007ffe71b67000 	C:\Windows\SYSTEM32\WINHTTP.dll
0x00007ffe759a0000 - 0x00007ffe75a0b000 	C:\Windows\system32\mswsock.dll
0x00007ffe540d0000 - 0x00007ffe540e6000 	C:\Users\afzal.hussain\.antigravity\extensions\redhat.java-1.53.0-win32-x64\jre\21.0.10-win32-x86_64\bin\nio.dll
0x00007ffe53f70000 - 0x00007ffe53f80000 	c:\Users\afzal.hussain\.antigravity\extensions\redhat.java-1.53.0-win32-x64\jre\21.0.10-win32-x86_64\bin\verify.dll
0x00007ffe4dd60000 - 0x00007ffe4dda5000 	C:\Users\afzal.hussain\AppData\Roaming\Antigravity\User\globalStorage\redhat.java\1.53.0\config_win\org.eclipse.equinox.launcher\org.eclipse.equinox.launcher.win32.win32.x86_64_1.3.0.v20260203-2149\eclipse_11919.dll
0x00007ffe75da0000 - 0x00007ffe75dbb000 	C:\Windows\SYSTEM32\CRYPTSP.dll
0x00007ffe753b0000 - 0x00007ffe753e9000 	C:\Windows\system32\rsaenh.dll
0x00007ffe75a50000 - 0x00007ffe75a82000 	C:\Windows\SYSTEM32\USERENV.dll
0x00007ffe769f0000 - 0x00007ffe76a1a000 	C:\Windows\SYSTEM32\bcrypt.dll
0x00007ffe75c00000 - 0x00007ffe75c0c000 	C:\Windows\SYSTEM32\CRYPTBASE.dll
0x00007ffe53630000 - 0x00007ffe53679000 	C:\Users\afzal.hussain\AppData\Local\Temp\jna-2018291179\jna2072623263715085999.dll
0x000002789dff0000 - 0x000002789dff8000 	C:\Windows\System32\PSAPI.DLL

JVMTI agents:
c:\Users\afzal.hussain\.antigravity\extensions\redhat.java-1.53.0-win32-x64\lombok\lombok-1.18.39-4050.jar path:c:\Users\afzal.hussain\.antigravity\extensions\redhat.java-1.53.0-win32-x64\jre\21.0.10-win32-x86_64\bin\instrument.dll, loaded, initialized, instrumentlib options:none
C:\Program Files\SentinelOne\Sentinel Agent 25.1.3.334\SentinelJava64.dll path:C:\Program Files\SentinelOne\Sentinel Agent 25.1.3.334\SentinelJava64.dll, loaded, initialized, options:extendedCapabilities

dbghelp: loaded successfully - version: 4.0.5 - missing functions: none
symbol engine: initialized successfully - sym options: 0x614 - pdb path: .;c:\Users\afzal.hussain\.antigravity\extensions\redhat.java-1.53.0-win32-x64\jre\21.0.10-win32-x86_64\bin;C:\Windows\SYSTEM32;C:\Program Files\SentinelOne\Sentinel Agent 25.1.3.334;C:\Windows\WinSxS\amd64_microsoft.windows.common-controls_6595b64144ccf1df_6.0.26100.7922_none_3e089e1ee3342171;c:\Users\afzal.hussain\.antigravity\extensions\redhat.java-1.53.0-win32-x64\jre\21.0.10-win32-x86_64\bin\server;C:\Users\afzal.hussain\AppData\Roaming\Antigravity\User\globalStorage\redhat.java\1.53.0\config_win\org.eclipse.equinox.launcher\org.eclipse.equinox.launcher.win32.win32.x86_64_1.3.0.v20260203-2149;C:\Users\afzal.hussain\AppData\Local\Temp\jna-2018291179

VM Arguments:
jvm_args: --add-modules=ALL-SYSTEM --add-opens=java.base/java.util=ALL-UNNAMED --add-opens=java.base/java.lang=ALL-UNNAMED --add-opens=java.base/sun.nio.fs=ALL-UNNAMED -Declipse.application=org.eclipse.jdt.ls.core.id1 -Dosgi.bundles.defaultStartLevel=4 -Declipse.product=org.eclipse.jdt.ls.core.product -Djava.import.generatesMetadataFilesAtProjectRoot=false -DDetectVMInstallationsJob.disabled=true -Dfile.encoding=utf8 -XX:+UseParallelGC -XX:GCTimeRatio=4 -XX:AdaptiveSizePolicyWeight=90 -Dsun.zip.disableMemoryMapping=true -Xmx2G -Xms100m -Xlog:disable -javaagent:c:\Users\afzal.hussain\.antigravity\extensions\redhat.java-1.53.0-win32-x64\lombok\lombok-1.18.39-4050.jar -XX:+HeapDumpOnOutOfMemoryError -XX:HeapDumpPath=c:\Users\afzal.hussain\AppData\Roaming\Antigravity\User\workspaceStorage\228240ae4c73fb4b5bcf304caddccf04\redhat.java -Daether.dependencyCollector.impl=bf -agentpath:C:\Program Files\SentinelOne\Sentinel Agent 25.1.3.334\SentinelJava64.dll=extendedCapabilities 
java_command: c:\Users\afzal.hussain\.antigravity\extensions\redhat.java-1.53.0-win32-x64\server\plugins\org.eclipse.equinox.launcher_1.7.100.v20251111-0406.jar -configuration c:\Users\afzal.hussain\AppData\Roaming\Antigravity\User\globalStorage\redhat.java\1.53.0\config_win -data c:\Users\afzal.hussain\AppData\Roaming\Antigravity\User\workspaceStorage\228240ae4c73fb4b5bcf304caddccf04\redhat.java\jdt_ws --pipe=\\.\pipe\lsp-9c2feb359d0ce3e62b4eaf59ade7bfd0-sock
java_class_path (initial): c:\Users\afzal.hussain\.antigravity\extensions\redhat.java-1.53.0-win32-x64\server\plugins\org.eclipse.equinox.launcher_1.7.100.v20251111-0406.jar
Launcher Type: SUN_STANDARD

[Global flags]
    uintx AdaptiveSizePolicyWeight                 = 90                                        {product} {command line}
     intx CICompilerCount                          = 4                                         {product} {ergonomic}
    uintx GCTimeRatio                              = 4                                         {product} {command line}
     bool HeapDumpOnOutOfMemoryError               = true                                   {manageable} {command line}
    ccstr HeapDumpPath                             = c:\Users\afzal.hussain\AppData\Roaming\Antigravity\User\workspaceStorage\228240ae4c73fb4b5bcf304caddccf04\redhat.java         {manageable} {command line}
   size_t InitialHeapSize                          = 104857600                                 {product} {command line}
   size_t MaxHeapSize                              = 2147483648                                {product} {command line}
   size_t MaxNewSize                               = 715653120                                 {product} {ergonomic}
   size_t MinHeapDeltaBytes                        = 524288                                    {product} {ergonomic}
   size_t MinHeapSize                              = 104857600                                 {product} {command line}
   size_t NewSize                                  = 34603008                                  {product} {ergonomic}
    uintx NonNMethodCodeHeapSize                   = 5839372                                {pd product} {ergonomic}
    uintx NonProfiledCodeHeapSize                  = 122909434                              {pd product} {ergonomic}
   size_t OldSize                                  = 70254592                                  {product} {ergonomic}
    uintx ProfiledCodeHeapSize                     = 122909434                              {pd product} {ergonomic}
    uintx ReservedCodeCacheSize                    = 251658240                              {pd product} {ergonomic}
     bool SegmentedCodeCache                       = true                                      {product} {ergonomic}
   size_t SoftMaxHeapSize                          = 2147483648                             {manageable} {ergonomic}
     bool UseCompressedOops                        = true                           {product lp64_product} {ergonomic}
     bool UseLargePagesIndividualAllocation        = false                                  {pd product} {ergonomic}
     bool UseParallelGC                            = true                                      {product} {command line}

Logging:
Log output configuration:
 #0: stdout all=off uptime,level,tags foldmultilines=false
 #1: stderr all=off uptime,level,tags foldmultilines=false

Release file:
JAVA_VERSION="21.0.10" 
MODULES="java.base java.compiler java.datatransfer java.xml java.prefs java.desktop java.instrument java.logging java.management java.security.sasl java.naming java.rmi java.management.rmi java.net.http java.scripting java.security.jgss java.transaction.xa java.sql java.sql.rowset java.xml.crypto java.se java.smartcardio jdk.accessibility jdk.internal.jvmstat jdk.attach jdk.charsets jdk.internal.opt jdk.zipfs jdk.compiler jdk.crypto.ec jdk.crypto.cryptoki jdk.crypto.mscapi jdk.dynalink jdk.internal.ed jdk.editpad jdk.hotspot.agent jdk.httpserver jdk.internal.le jdk.internal.vm.ci jdk.internal.vm.compiler jdk.internal.vm.compiler.management jdk.jartool jdk.javadoc jdk.jcmd jdk.management jdk.management.agent jdk.jconsole jdk.jdeps jdk.jdwp.agent jdk.jdi jdk.jfr jdk.jshell jdk.jsobject jdk.jstatd jdk.localedata jdk.management.jfr jdk.naming.dns jdk.naming.rmi jdk.net jdk.nio.mapmode jdk.random jdk.sctp jdk.security.auth jdk.security.jgss jdk.unsupported jdk.unsupported.desktop jdk.xml.dom" 

Environment Variables:
JAVA_HOME=C:\Program Files\Microsoft\jdk-17.0.14.7-hotspot
PATH=C:\Program Files\Microsoft\jdk-17.0.14.7-hotspot\bin;C:\Users\afzal.hussain\AppData\Local\Pub\Cache\bin;C:\Python313\Scripts\;C:\Python313\;C:\Program Files\nvm;C:\Windows\system32;C:\Windows;C:\Windows\System32\Wbem;C:\Windows\System32\WindowsPowerShell\v1.0\;C:\Windows\System32\OpenSSH\;C:\Program Files\dotnet\;C:\Program Files\nodejs;C:\ProgramData\chocolatey\bin;C:\Program Files\nodejs\;C:\maven\bin;C:\Program Files\Microsoft\jdk-17.0.14.7-hotspot\bin;C:\Users\afzal.hussain\AppData\Local\Android\Sdk\platform-tools;C:\Users\afzal.hussain\AppData\Local\Android\Sdk\tools;C:\Users\afzal.hussain\AppData\Local\Android\Sdk\tools\bin;C:\Users\afzal.hussain\AppData\Local\Android\Sdk\platform-tools;C:\Users\afzal.hussain\AppData\Local\Android\Sdk\emulator;C:\Users\afzal.hussain\AppData\Local\Microsoft\WindowsApps;C:\Users\afzal.hussain\AppData\Roaming\npm;C:\Users\afzal.hussain\AppData\Local\Google\Cloud SDK\google-cloud-sdk\bin;D:\Flutter\flutter\bin;C:\Users\afzal.hussain\AppData\Local\Programs\Git\cmd;C:\Users\afzal.hussain\AppData\Local\Programs\Antigravity\bin
USERNAME=afzal.hussain
OS=Windows_NT
PROCESSOR_IDENTIFIER=Intel64 Family 6 Model 186 Stepping 3, GenuineIntel
TMP=C:\Users\AFZAL~1.HUS\AppData\Local\Temp
TEMP=C:\Users\AFZAL~1.HUS\AppData\Local\Temp




Periodic native trim disabled

---------------  S Y S T E M  ---------------

OS:
 Windows 11 , 64 bit Build 26100 (10.0.26100.7920)
OS uptime: 6 days 3:40 hours
Hyper-V role detected

CPU: total 12 (initial active 12) (6 cores per cpu, 2 threads per core) family 6 model 186 stepping 3 microcode 0x4128, cx8, cmov, fxsr, ht, mmx, 3dnowpref, sse, sse2, sse3, ssse3, sse4.1, sse4.2, popcnt, lzcnt, tsc, tscinvbit, avx, avx2, aes, erms, clmul, bmi1, bmi2, adx, sha, fma, vzeroupper, clflush, clflushopt, clwb, hv, serialize, rdtscp, rdpid, fsrm, f16c, cet_ibt, cet_ss
Processor Information for the first 12 processors :
  Max Mhz: 1700, Current Mhz: 1700, Mhz Limit: 1700

Memory: 4k page, system-wide physical 16068M (777M free)
TotalPageFile size 41562M (AvailPageFile size 36M)
current process WorkingSet (physical memory assigned to process): 157M, peak: 168M
current process commit charge ("private bytes"): 300M, peak: 307M

vm_info: OpenJDK 64-Bit Server VM (21.0.10+7-LTS) for windows-amd64 JRE (21.0.10+7-LTS), built on 2026-01-20T00:00:00Z by "admin" with MS VC++ 17.12 (VS2022)

END.
